2026-01-24 21:21:27.268  4863-4863  VideoCapabilities       com.tripandevent.sanbotvoice         W  Unrecognized profile/level 32768/256 for video/mp4v-es
2026-01-24 21:21:28.114  4863-4875  ent.sanbotvoice         com.tripandevent.sanbotvoice         W  Long monitor contention with owner AudioPortEventHandler (4977) at int android.media.AudioManager.updateAudioPortCache(java.util.ArrayList, java.util.ArrayList, java.util.ArrayList)(AudioManager.java:7417) waiters=0 in int android.media.AudioManager.resetAudioPortGeneration() for 316ms
2026-01-24 21:21:28.406  4863-5011  ConnectivityManager     com.tripandevent.sanbotvoice         D  StackLog: [android.net.ConnectivityManager.sendRequestForNetwork(ConnectivityManager.java:4738)] [android.net.ConnectivityManager.sendRequestForNetwork(ConnectivityManager.java:4906)] [android.net.ConnectivityManager.registerNetworkCallback(ConnectivityManager.java:5323)] [android.net.ConnectivityManager.registerNetworkCallback(ConnectivityManager.java:5293)] [io.livekit.android.room.network.NetworkCallbackRegistryImpl.registerNetworkCallback(NetworkCallbackManager.kt:41)] [io.livekit.android.room.network.NetworkCallbackManagerImpl.registerCallback(NetworkCallbackManager.kt:81)] [io.livekit.android.room.Room$connect$2$connectJob$1.invokeSuspend(Room.kt:389)] [kotlin.coroutines.jvm.internal.BaseContinuationImpl.resumeWith(ContinuationImpl.kt:33)] [kotlinx.coroutines.internal.ScopeCoroutine.afterResume(Scopes.kt:32)] [kotlinx.coroutines.AbstractCoroutine.resumeWith(AbstractCoroutine.kt:102)] [kotlin.coroutines.jvm.internal.BaseContinuationImpl.resumeWith(ContinuationImpl.kt:46)] [kotlinx.coroutines.internal.ScopeCoroutine.afterResume(Scopes.kt:32)] [kotlinx.coroutines.AbstractCoroutine.resumeWith(AbstractCoroutine.kt:102)] [kotlin.coroutines.jvm.internal.BaseContinuationImpl.resumeWith(ContinuationImpl.kt:46)] [kotlinx.coroutines.DispatchedTask.run(DispatchedTask.kt:108)] [kotlinx.coroutines.internal.LimitedDispatcher$Worker.run(LimitedDispatcher.kt:115)] [kotlinx.coroutines.scheduling.TaskImpl.run(Tasks.kt:103)] [kotlinx.coroutines.scheduling.CoroutineScheduler.runSafely(CoroutineScheduler.kt:584)] [kotlinx.coroutines.scheduling.CoroutineScheduler$Worker.executeTask(CoroutineScheduler.kt:793)] [kotlinx.coroutines.scheduling.CoroutineScheduler$Worker.runWorker(CoroutineScheduler.kt:697)] [kotlinx.coroutines.scheduling.CoroutineScheduler$Worker.run(CoroutineScheduler.kt:684)]
2026-01-24 21:21:28.412  4863-4863  HeyGenVideoManager      com.tripandevent.sanbotvoice         D  Connected to LiveKit room
2026-01-24 21:21:28.417  4863-4863  HeyGenSessionManager    com.tripandevent.sanbotvoice         D  Video connected
2026-01-24 21:21:28.417  4863-4863  HeyGenSessionManager    com.tripandevent.sanbotvoice         D  State: CONNECTING -> ACTIVE
2026-01-24 21:21:28.418  4863-4863  VoiceService            com.tripandevent.sanbotvoice         I  HeyGen avatar connected
2026-01-24 21:21:28.470  4863-5002  ConnectivityManager     com.tripandevent.sanbotvoice         D  StackLog: [android.net.ConnectivityManager.sendRequestForNetwork(ConnectivityManager.java:4738)] [android.net.ConnectivityManager.sendRequestForNetwork(ConnectivityManager.java:4906)] [android.net.ConnectivityManager.requestNetwork(ConnectivityManager.java:5044)] [android.net.ConnectivityManager.requestNetwork(ConnectivityManager.java:5022)] [livekit.org.webrtc.NetworkMonitorAutoDetect$ConnectivityManagerDelegate.requestMobileNetwork(NetworkMonitorAutoDetect.java:477)] [livekit.org.webrtc.NetworkMonitorAutoDetect.<init>(NetworkMonitorAutoDetect.java:674)] [livekit.org.webrtc.NetworkMonitor$1.create(NetworkMonitor.java:50)] [livekit.org.webrtc.NetworkMonitor.createNetworkChangeDetector(NetworkMonitor.java:193)] [livekit.org.webrtc.NetworkMonitor.startMonitoring(NetworkMonitor.java:108)] [livekit.org.webrtc.NetworkMonitor.startMonitoring(NetworkMonitor.java:138)]
2026-01-24 21:21:28.474  4863-5002  ConnectivityManager     com.tripandevent.sanbotvoice         D  StackLog: [android.net.ConnectivityManager.sendRequestForNetwork(ConnectivityManager.java:4738)] [android.net.ConnectivityManager.sendRequestForNetwork(ConnectivityManager.java:4906)] [android.net.ConnectivityManager.registerNetworkCallback(ConnectivityManager.java:5323)] [android.net.ConnectivityManager.registerNetworkCallback(ConnectivityManager.java:5293)] [livekit.org.webrtc.NetworkMonitorAutoDetect$ConnectivityManagerDelegate.registerNetworkCallback(NetworkMonitorAutoDetect.java:468)] [livekit.org.webrtc.NetworkMonitorAutoDetect.<init>(NetworkMonitorAutoDetect.java:681)] [livekit.org.webrtc.NetworkMonitor$1.create(NetworkMonitor.java:50)] [livekit.org.webrtc.NetworkMonitor.createNetworkChangeDetector(NetworkMonitor.java:193)] [livekit.org.webrtc.NetworkMonitor.startMonitoring(NetworkMonitor.java:108)] [livekit.org.webrtc.NetworkMonitor.startMonitoring(NetworkMonitor.java:138)]
2026-01-24 21:21:28.609  4863-4863  HeyGenVideoManager      com.tripandevent.sanbotvoice         D  Participant connected: Identity(value=heygen)
2026-01-24 21:21:28.622  4863-4863  HeyGenVideoManager      com.tripandevent.sanbotvoice         D  Participant connected: Identity(value=agent-AJ_uEU8escTkDLL)
2026-01-24 21:21:29.104  4863-4863  HeyGenVideoManager      com.tripandevent.sanbotvoice         D  Track subscribed: RemoteAudioTrack from participant: Identity(value=agent-AJ_uEU8escTkDLL)
2026-01-24 21:21:29.107  4863-4863  HeyGenVideoManager      com.tripandevent.sanbotvoice         D  Track subscribed: RemoteAudioTrack from participant: Identity(value=heygen)
2026-01-24 21:21:29.114  4863-4863  HeyGenVideoManager      com.tripandevent.sanbotvoice         D  Track subscribed: RemoteVideoTrack from participant: Identity(value=heygen)
2026-01-24 21:21:29.115  4863-4863  HeyGenVideoManager      com.tripandevent.sanbotvoice         D  Video track received
2026-01-24 21:21:29.122  4863-4863  VoiceService            com.tripandevent.sanbotvoice         I  HeyGen video track ready
2026-01-24 21:21:29.123  4863-4863  MainActivity            com.tripandevent.sanbotvoice         D  Avatar video ready
2026-01-24 21:21:29.141  4863-4863  HeyGenVideoManager      com.tripandevent.sanbotvoice         D  Attaching video track to renderer
2026-01-24 21:21:29.207  4863-4863  SurfaceView             com.tripandevent.sanbotvoice         I  225320935 Changes: creating=true format=false size=false visible=true alpha=false hint=false visible=true left=false top=false z=false attached=true lifecycleStrategy=false
2026-01-24 21:21:29.223  4863-4863  BLASTBufferQueue_Java   com.tripandevent.sanbotvoice         I  update, w= 944 h= 842 mName = null mNativeObject= 0xe2fad880 sc.mNativeObject= 0xe8c0e000 format= 4 caller= android.view.SurfaceView.createBlastSurfaceControls:1517 android.view.SurfaceView.updateSurface:1193 android.view.SurfaceView.setVisibility:460 com.tripandevent.sanbotvoice.ui.AvatarViewController.showVideo:81 com.tripandevent.sanbotvoice.MainActivity.lambda$onAvatarVideoReady$7:344 com.tripandevent.sanbotvoice.MainActivity.$r8$lambda$2KbESFz66epUMS0oIPdIRYxmZbE:0 
2026-01-24 21:21:29.224  4863-4863  SurfaceView@d6e1fe7     com.tripandevent.sanbotvoice         I  225320935 Cur surface: Surface(name=null)/@0xca35a24
2026-01-24 21:21:29.225  4863-4863  SurfaceView@d6e1fe7     com.tripandevent.sanbotvoice         I  pST: sr = Rect(68, 499 - 1012, 1341) sw = 944 sh = 842
2026-01-24 21:21:29.226  4863-4863  SurfaceView@d6e1fe7     com.tripandevent.sanbotvoice         D  225320935 performSurfaceTransaction RenderWorker position = [68, 499, 1012, 1341] surfaceSize = 944x842
2026-01-24 21:21:29.227  4863-4863  SurfaceView@d6e1fe7     com.tripandevent.sanbotvoice         I  updateSurface: mVisible = true mSurface.isValid() = true
2026-01-24 21:21:29.227  4863-4863  SurfaceView@d6e1fe7     com.tripandevent.sanbotvoice         I  updateSurface: mSurfaceCreated = false surfaceChanged = true visibleChanged = true
2026-01-24 21:21:29.228  4863-4863  SurfaceView             com.tripandevent.sanbotvoice         I  225320935 visibleChanged -- surfaceCreated
2026-01-24 21:21:29.228  4863-4863  SurfaceView@d6e1fe7     com.tripandevent.sanbotvoice         I  surfaceCreated 2 #3 io.livekit.android.renderer.SurfaceViewRenderer{d6e1fe7 V.E...... ......ID 0,0-944,842 #7f08005a app:id/avatarVideoView}
2026-01-24 21:21:29.228  4863-4863  SurfaceView             com.tripandevent.sanbotvoice         I  225320935 surfaceChanged -- format=4 w=944 h=842
2026-01-24 21:21:29.228  4863-4863  SurfaceView@d6e1fe7     com.tripandevent.sanbotvoice         I  surfaceChanged (944,842) 2 #3 io.livekit.android.renderer.SurfaceViewRenderer{d6e1fe7 V.E...... ......ID 0,0-944,842 #7f08005a app:id/avatarVideoView}
2026-01-24 21:21:29.229  4863-4863  SurfaceView             com.tripandevent.sanbotvoice         I  225320935 surfaceRedrawNeeded
2026-01-24 21:21:29.230  4863-4863  SurfaceView             com.tripandevent.sanbotvoice         I  225320935 finishedDrawing
2026-01-24 21:21:29.230  4863-4863  SurfaceView@d6e1fe7     com.tripandevent.sanbotvoice         V  Layout: x=68 y=499 w=944 h=842, frame=Rect(0, 0 - 944, 842)
2026-01-24 21:21:29.257  4863-4863  ViewRootIm...nActivity] com.tripandevent.sanbotvoice         I  registerCallbackForPendingTransactions
2026-01-24 21:21:29.262  4863-4887  SurfaceView             com.tripandevent.sanbotvoice         D  225320935 updateSurfacePosition RenderWorker, frameNr = 832, position = [68, 499, 1012, 1341] surfaceSize = 944x842
2026-01-24 21:21:29.262  4863-4887  SurfaceView@d6e1fe7     com.tripandevent.sanbotvoice         I  uSP: rtp = Rect(68, 499 - 1012, 1341) rtsw = 944 rtsh = 842
2026-01-24 21:21:29.262  4863-4887  SurfaceView@d6e1fe7     com.tripandevent.sanbotvoice         I  onSSPAndSRT: pl = 68 pt = 499 sx = 1.0 sy = 1.0
2026-01-24 21:21:29.263  4863-4887  SurfaceView@d6e1fe7     com.tripandevent.sanbotvoice         I  aOrMT: ViewRootImpl@cb275a4[MainActivity] t = android.view.SurfaceControl$Transaction@9ddb742 fN = 832 android.view.SurfaceView.-$$Nest$mapplyOrMergeTransaction:0 android.view.SurfaceView$SurfaceViewPositionUpdateListener.positionChanged:1666 android.graphics.RenderNode$CompositePositionUpdateListener.positionChanged:369 
2026-01-24 21:21:29.263  4863-4887  ViewRootIm...nActivity] com.tripandevent.sanbotvoice         I  mWNT: t=0xe4b35dc0 mBlastBufferQueue=0xe5beea80 fn= 832 mRenderHdrSdrRatio=1.0 caller= android.view.SurfaceView.applyOrMergeTransaction:1598 android.view.SurfaceView.-$$Nest$mapplyOrMergeTransaction:0 android.view.SurfaceView$SurfaceViewPositionUpdateListener.positionChanged:1666 
2026-01-24 21:21:29.267  4863-4904  ViewRootIm...nActivity] com.tripandevent.sanbotvoice         I  mWNT: t=0xe8ff3da0 mBlastBufferQueue=0xe5beea80 fn= 832 mRenderHdrSdrRatio=1.0 caller= android.view.ViewRootImpl$6.onFrameDraw:5637 android.view.ViewRootImpl$2.onFrameDraw:2146 android.view.ThreadedRenderer$1.onFrameDraw:792 
2026-01-24 21:21:29.942  4863-5160  ACodec                  com.tripandevent.sanbotvoice         I   [] Now uninitialized
2026-01-24 21:21:29.944  4863-5166  ACodec                  com.tripandevent.sanbotvoice         I  [] onAllocateComponent
2026-01-24 21:21:29.948  4863-5166  OMXClient               com.tripandevent.sanbotvoice         I  IOmx service obtained
2026-01-24 21:21:29.966  4863-5166  ACodec                  com.tripandevent.sanbotvoice         I  [OMX.Exynos.avc.dec] Now Loaded
2026-01-24 21:21:29.975  4863-5165  MediaCodec              com.tripandevent.sanbotvoice         D  flushMediametrics
2026-01-24 21:21:29.977  4863-5165  SurfaceUtils            com.tripandevent.sanbotvoice         D  connecting to surface 0xbc653008, reason connectToSurface
2026-01-24 21:21:29.977  4863-5165  MediaCodec              com.tripandevent.sanbotvoice         I  [OMX.Exynos.avc.dec] setting surface generation to 4979713
2026-01-24 21:21:29.977  4863-5165  SurfaceUtils            com.tripandevent.sanbotvoice         D  disconnecting from surface 0xbc653008, reason connectToSurface(reconnect)
2026-01-24 21:21:29.978  4863-5165  SurfaceUtils            com.tripandevent.sanbotvoice         D  connecting to surface 0xbc653008, reason connectToSurface(reconnect)
2026-01-24 21:21:29.978  4863-5166  ACodec                  com.tripandevent.sanbotvoice         V  onConfigureComponent
2026-01-24 21:21:29.983  4863-5166  ACodec                  com.tripandevent.sanbotvoice         I  app-pid(4863)
2026-01-24 21:21:29.983  4863-5166  ACodec                  com.tripandevent.sanbotvoice         V  Configuring CPU controlled video playback.
2026-01-24 21:21:29.984  4863-5166  ACodec                  com.tripandevent.sanbotvoice         V  [OMX.Exynos.avc.dec] setPortMode on output to DynamicANWBuffer succeeded
2026-01-24 21:21:29.986  4863-5166  ACodec                  com.tripandevent.sanbotvoice         V  [OMX.Exynos.avc.dec] setting color aspects (R:2(Limited), P:1(BT709_5), M:1(BT709_5), T:3(SMPTE170M)) err=0(NO_ERROR)
2026-01-24 21:21:29.986  4863-5166  ACodec                  com.tripandevent.sanbotvoice         V  [OMX.Exynos.avc.dec] setting  HDRStaticInfo (R: 0 0, G: 0 0, B: 0, 0, W: 0, 0, MaxDispL: 0, MinDispL: 0, MaxContentL: 0, MaxFrameAvgL: 0)
2026-01-24 21:21:29.986  4863-5166  ACodec                  com.tripandevent.sanbotvoice         W  [OMX.Exynos.avc.dec] setting HDRStaticInfo failed even though codec advertises support
2026-01-24 21:21:29.987  4863-5166  ACodec                  com.tripandevent.sanbotvoice         V  [OMX.Exynos.avc.dec] input format is AMessage(what = 0x00000000) = {
                                                                                                      int32_t adaptive-playback = 1
                                                                                                      string mime = "video/avc"
                                                                                                      int32_t width = 1280
                                                                                                      int32_t height = 720
                                                                                                    }
2026-01-24 21:21:29.988  4863-5166  ACodec                  com.tripandevent.sanbotvoice         V  [OMX.Exynos.avc.dec] setting color aspects (R:2(Limited), P:1(BT709_5), M:1(BT709_5), T:3(SMPTE170M)) err=0(NO_ERROR)
2026-01-24 21:21:29.988  4863-5166  ACodec                  com.tripandevent.sanbotvoice         V  [OMX.Exynos.avc.dec] got color aspects (R:2(Limited), P:1(BT709_5), M:1(BT709_5), T:3(SMPTE170M)) err=0(NO_ERROR)
2026-01-24 21:21:29.988  4863-5166  ACodec                  com.tripandevent.sanbotvoice         V  [OMX.Exynos.avc.dec] got color aspects (R:2(Limited), P:1(BT709_5), M:1(BT709_5), T:3(SMPTE170M)) err=0(NO_ERROR)
2026-01-24 21:21:29.988  4863-5166  ACodec                  com.tripandevent.sanbotvoice         V  for dataspace 0x104
2026-01-24 21:21:29.989  4863-5166  ACodec                  com.tripandevent.sanbotvoice         W  [OMX.Exynos.avc.dec] getting HDRStaticInfo failed even though codec advertises support
2026-01-24 21:21:29.989  4863-5166  ACodec                  com.tripandevent.sanbotvoice         V  [OMX.Exynos.avc.dec] output format is AMessage(what = 0x00000000) = {
                                                                                                      int32_t color-range = 2
                                                                                                      int32_t color-standard = 1
                                                                                                      int32_t color-transfer = 3
                                                                                                      string mime = "video/raw"
                                                                                                      int32_t stride = 1280
                                                                                                      int32_t slice-height = 720
                                                                                                      int32_t color-format = 261
                                                                                                      Rect crop(0, 0, 1279, 719)
                                                                                                      int32_t android._dataspace = 260
                                                                                                      int32_t width = 1280
                                                                                                      int32_t height = 720
                                                                                                    }
2026-01-24 21:21:29.996  4863-5166  ACodec                  com.tripandevent.sanbotvoice         V  onStart
2026-01-24 21:21:30.003  4863-5166  ACodec                  com.tripandevent.sanbotvoice         I  [OMX.Exynos.avc.dec] Now Loaded->Idle
2026-01-24 21:21:30.003  4863-5166  ACodec                  com.tripandevent.sanbotvoice         V  [OMX.Exynos.avc.dec] Allocating 5 buffers of size 7340032 (from 7340032 using PresetByteBuffer) on input port
2026-01-24 21:21:30.032  4863-5166  ACodec                  com.tripandevent.sanbotvoice         V  gralloc usage: 0x400100(OMX) => 0x402900(ACodec)
2026-01-24 21:21:30.032  4863-5166  SurfaceUtils            com.tripandevent.sanbotvoice         D  set up nativeWindow 0xbc653008 for 1280x720, color 0x105, rotation 0, usage 0x402900
2026-01-24 21:21:30.032  4863-5166  ACodec                  com.tripandevent.sanbotvoice         I  [OMX.Exynos.avc.dec] configureOutputBuffersFromNativeWindow setBufferCount : 9, minUndequeuedBuffers : 5
2026-01-24 21:21:30.032  4863-5166  ACodec                  com.tripandevent.sanbotvoice         V  [OMX.Exynos.avc.dec] Allocating 9 meta buffers on output port
2026-01-24 21:21:30.032  4863-5166  ACodec                  com.tripandevent.sanbotvoice         V  [OMX.Exynos.avc.dec] allocated meta buffer with ID 6
2026-01-24 21:21:30.033  4863-5166  ACodec                  com.tripandevent.sanbotvoice         V  [OMX.Exynos.avc.dec] allocated meta buffer with ID 7
2026-01-24 21:21:30.033  4863-5166  ACodec                  com.tripandevent.sanbotvoice         V  [OMX.Exynos.avc.dec] allocated meta buffer with ID 8
2026-01-24 21:21:30.034  4863-5166  ACodec                  com.tripandevent.sanbotvoice         V  [OMX.Exynos.avc.dec] allocated meta buffer with ID 9
2026-01-24 21:21:30.034  4863-5166  ACodec                  com.tripandevent.sanbotvoice         V  [OMX.Exynos.avc.dec] allocated meta buffer with ID 10
2026-01-24 21:21:30.035  4863-5166  ACodec                  com.tripandevent.sanbotvoice         V  [OMX.Exynos.avc.dec] allocated meta buffer with ID 11
2026-01-24 21:21:30.035  4863-5166  ACodec                  com.tripandevent.sanbotvoice         V  [OMX.Exynos.avc.dec] allocated meta buffer with ID 12
2026-01-24 21:21:30.036  4863-5166  ACodec                  com.tripandevent.sanbotvoice         V  [OMX.Exynos.avc.dec] allocated meta buffer with ID 13
2026-01-24 21:21:30.036  4863-5166  ACodec                  com.tripandevent.sanbotvoice         V  [OMX.Exynos.avc.dec] allocated meta buffer with ID 14
2026-01-24 21:21:30.041  4863-5165  MediaCodec              com.tripandevent.sanbotvoice         I  setCodecState state(0), called in 6
2026-01-24 21:21:30.041  4863-5166  ACodec                  com.tripandevent.sanbotvoice         I  [OMX.Exynos.avc.dec] Now Idle->Executing
2026-01-24 21:21:30.044  4863-5166  ACodec                  com.tripandevent.sanbotvoice         I  [OMX.Exynos.avc.dec] Now Executing
2026-01-24 21:21:30.046  4863-5166  ACodec                  com.tripandevent.sanbotvoice         V  [OMX.Exynos.avc.dec] calling emptyBuffer 1 w/ time 46203887000 us, size : 51925
2026-01-24 21:21:30.047  4863-5166  ACodec                  com.tripandevent.sanbotvoice         V  MetadataBuffersToSubmit=4 portMode=RESUBMIT
2026-01-24 21:21:30.048  4863-5166  ACodec                  com.tripandevent.sanbotvoice         V  replaced oldest buffer #8 with age 0, graphicBuffer 0xd502b100
2026-01-24 21:21:30.048  4863-5166  ACodec                  com.tripandevent.sanbotvoice         V  [OMX.Exynos.avc.dec] submitting output meta buffer ID 14 for graphic buffer 0xd502b100
2026-01-24 21:21:30.052  4863-5166  ACodec                  com.tripandevent.sanbotvoice         V  [OMX.Exynos.avc.dec] calling emptyBuffer 2 w/ time 46203927000 us, size : 1001
2026-01-24 21:21:30.052  4863-5166  ACodec                  com.tripandevent.sanbotvoice         V  MetadataBuffersToSubmit=3 portMode=RESUBMIT
2026-01-24 21:21:30.053  4863-5166  ACodec                  com.tripandevent.sanbotvoice         V  replaced oldest buffer #7 with age 0, graphicBuffer 0xd502b280
2026-01-24 21:21:30.053  4863-5166  ACodec                  com.tripandevent.sanbotvoice         V  [OMX.Exynos.avc.dec] submitting output meta buffer ID 13 for graphic buffer 0xd502b280
2026-01-24 21:21:30.055  4863-5166  ACodec                  com.tripandevent.sanbotvoice         V  [OMX.Exynos.avc.dec] calling emptyBuffer 3 w/ time 46203967000 us, size : 3145
2026-01-24 21:21:30.055  4863-5166  ACodec                  com.tripandevent.sanbotvoice         V  MetadataBuffersToSubmit=2 portMode=RESUBMIT
2026-01-24 21:21:30.057  4863-5166  ACodec                  com.tripandevent.sanbotvoice         V  replaced oldest buffer #6 with age 0, graphicBuffer 0xd502b400
2026-01-24 21:21:30.057  4863-5166  ACodec                  com.tripandevent.sanbotvoice         V  [OMX.Exynos.avc.dec] submitting output meta buffer ID 12 for graphic buffer 0xd502b400
2026-01-24 21:21:30.058  4863-5166  ACodec                  com.tripandevent.sanbotvoice         V  [OMX.Exynos.avc.dec] calling emptyBuffer 4 w/ time 46204007000 us, size : 4479
2026-01-24 21:21:30.058  4863-5166  ACodec                  com.tripandevent.sanbotvoice         V  MetadataBuffersToSubmit=1 portMode=RESUBMIT
2026-01-24 21:21:30.060  4863-5166  ACodec                  com.tripandevent.sanbotvoice         V  replaced oldest buffer #5 with age 0, graphicBuffer 0xd502b580
2026-01-24 21:21:30.060  4863-5166  ACodec                  com.tripandevent.sanbotvoice         V  [OMX.Exynos.avc.dec] submitting output meta buffer ID 11 for graphic buffer 0xd502b580
2026-01-24 21:21:30.061  4863-5166  ACodec                  com.tripandevent.sanbotvoice         V  [OMX.Exynos.avc.dec] calling emptyBuffer 5 w/ time 46204047000 us, size : 7578
2026-01-24 21:21:30.061  4863-5166  ACodec                  com.tripandevent.sanbotvoice         V  MetadataBuffersToSubmit=0 portMode=RESUBMIT
2026-01-24 21:21:30.062  4863-5166  ACodec                  com.tripandevent.sanbotvoice         E  [OMX.Exynos.avc.dec] ERROR(0x8000100b)
2026-01-24 21:21:30.062  4863-5166  ACodec                  com.tripandevent.sanbotvoice         E  signalError(omxError 0x8000100b, internalError -2147483648)
2026-01-24 21:21:30.062  4863-5166  ACodec                  com.tripandevent.sanbotvoice         V  [OMX.Exynos.avc.dec] onOMXEmptyBufferDone 1
2026-01-24 21:21:30.062  4863-5165  MediaCodec              com.tripandevent.sanbotvoice         E  Codec reported err 0x8000100b/-2147479541 (Unknown error 2147479541), actionCode 0, while in state 6/STARTED
2026-01-24 21:21:30.063  4863-5165  MediaCodec              com.tripandevent.sanbotvoice         E  Pending dequeue input buffer request cancelled
2026-01-24 21:21:30.063  4863-5165  MediaCodec              com.tripandevent.sanbotvoice         E  Pending dequeue output buffer request cancelled
2026-01-24 21:21:30.064  4863-5165  MediaCodec              com.tripandevent.sanbotvoice         D  flushMediametrics
2026-01-24 21:21:30.065  4863-5165  SurfaceUtils            com.tripandevent.sanbotvoice         D  disconnecting from surface 0xbc653008, reason disconnectFromSurface
2026-01-24 21:21:30.066  4863-5165  Surface                 com.tripandevent.sanbotvoice         E  freeAllBuffers: 4 buffers were freed while being dequeued!
2026-01-24 21:21:30.070  4863-5166  ACodec                  com.tripandevent.sanbotvoice         E  [OMX.Exynos.avc.dec] ERROR(0x8000100b)
2026-01-24 21:21:30.070  4863-5166  ACodec                  com.tripandevent.sanbotvoice         E  signalError(omxError 0x8000100b, internalError -2147483648)
2026-01-24 21:21:30.070  4863-5166  ACodec                  com.tripandevent.sanbotvoice         V  [OMX.Exynos.avc.dec] onOMXEmptyBufferDone 2
2026-01-24 21:21:30.071  4863-5165  MediaCodec              com.tripandevent.sanbotvoice         E  Codec reported err 0x8000100b/-2147479541 (Unknown error 2147479541), actionCode 0, while in state 10/RELEASING
2026-01-24 21:21:30.075  4863-5166  ACodec                  com.tripandevent.sanbotvoice         I  [OMX.Exynos.avc.dec] Now Executing->Idle
2026-01-24 21:21:30.075  4863-5166  ACodec                  com.tripandevent.sanbotvoice         E  [OMX.Exynos.avc.dec] ERROR(0x8000100b)
2026-01-24 21:21:30.075  4863-5166  ACodec                  com.tripandevent.sanbotvoice         E  signalError(omxError 0x8000100b, internalError -2147483648)
2026-01-24 21:21:30.075  4863-5166  ACodec                  com.tripandevent.sanbotvoice         V  [OMX.Exynos.avc.dec] onOMXEmptyBufferDone 3
2026-01-24 21:21:30.077  4863-5165  MediaCodec              com.tripandevent.sanbotvoice         E  Codec reported err 0x8000100b/-2147479541 (Unknown error 2147479541), actionCode 0, while in state 10/RELEASING
2026-01-24 21:21:30.081  4863-5166  ACodec                  com.tripandevent.sanbotvoice         E  [OMX.Exynos.avc.dec] ERROR(0x8000100b)
2026-01-24 21:21:30.081  4863-5166  ACodec                  com.tripandevent.sanbotvoice         E  signalError(omxError 0x8000100b, internalError -2147483648)
2026-01-24 21:21:30.081  4863-5166  ACodec                  com.tripandevent.sanbotvoice         V  [OMX.Exynos.avc.dec] onOMXEmptyBufferDone 4
2026-01-24 21:21:30.082  4863-5166  ACodec                  com.tripandevent.sanbotvoice         V  [OMX.Exynos.avc.dec] onOMXEmptyBufferDone 5
2026-01-24 21:21:30.082  4863-5165  MediaCodec              com.tripandevent.sanbotvoice         E  Codec reported err 0x8000100b/-2147479541 (Unknown error 2147479541), actionCode 0, while in state 10/RELEASING
2026-01-24 21:21:30.086  4863-5166  ACodec                  com.tripandevent.sanbotvoice         V  [OMX.Exynos.avc.dec] onOMXFillBufferDone 13 time 0 us, flags = 0x00000000
2026-01-24 21:21:30.086  4863-5166  ACodec                  com.tripandevent.sanbotvoice         V  [OMX.Exynos.avc.dec] onOMXFillBufferDone 12 time 0 us, flags = 0x00000000
2026-01-24 21:21:30.086  4863-5166  ACodec                  com.tripandevent.sanbotvoice         V  [OMX.Exynos.avc.dec] onOMXFillBufferDone 11 time 0 us, flags = 0x00000000
2026-01-24 21:21:30.086  4863-5166  ACodec                  com.tripandevent.sanbotvoice         V  [OMX.Exynos.avc.dec] onOMXFillBufferDone 14 time 0 us, flags = 0x00000000
2026-01-24 21:21:30.090  4863-5166  ACodec                  com.tripandevent.sanbotvoice         V  [OMX.Exynos.avc.dec] Calling cancelBuffer on buffer 14
2026-01-24 21:21:30.090  4863-5166  Surface                 com.tripandevent.sanbotvoice         E  getSlotFromBufferLocked: unknown buffer: 0xd502b100
2026-01-24 21:21:30.090  4863-5166  ACodec                  com.tripandevent.sanbotvoice         W  [OMX.Exynos.avc.dec] can not return buffer 14 to native window
2026-01-24 21:21:30.091  4863-5166  ACodec                  com.tripandevent.sanbotvoice         V  [OMX.Exynos.avc.dec] Calling cancelBuffer on buffer 13
2026-01-24 21:21:30.091  4863-5166  Surface                 com.tripandevent.sanbotvoice         E  getSlotFromBufferLocked: unknown buffer: 0xd502b280
2026-01-24 21:21:30.091  4863-5166  ACodec                  com.tripandevent.sanbotvoice         W  [OMX.Exynos.avc.dec] can not return buffer 13 to native window
2026-01-24 21:21:30.092  4863-5166  ACodec                  com.tripandevent.sanbotvoice         V  [OMX.Exynos.avc.dec] Calling cancelBuffer on buffer 12
2026-01-24 21:21:30.092  4863-5166  Surface                 com.tripandevent.sanbotvoice         E  getSlotFromBufferLocked: unknown buffer: 0xd502b400
2026-01-24 21:21:30.092  4863-5166  ACodec                  com.tripandevent.sanbotvoice         W  [OMX.Exynos.avc.dec] can not return buffer 12 to native window
2026-01-24 21:21:30.093  4863-5160  MediaCodec              com.tripandevent.sanbotvoice         D  MediaCodec::reclaim(0xe28e1c00) OMX.Exynos.avc.dec
2026-01-24 21:21:30.094  4863-5166  ACodec                  com.tripandevent.sanbotvoice         V  [OMX.Exynos.avc.dec] Calling cancelBuffer on buffer 11
2026-01-24 21:21:30.094  4863-5166  Surface                 com.tripandevent.sanbotvoice         E  getSlotFromBufferLocked: unknown buffer: 0xd502b580
2026-01-24 21:21:30.094  4863-5166  ACodec                  com.tripandevent.sanbotvoice         W  [OMX.Exynos.avc.dec] can not return buffer 11 to native window
2026-01-24 21:21:30.098  4863-5166  ACodec                  com.tripandevent.sanbotvoice         I  [OMX.Exynos.avc.dec] Now Idle->Loaded
2026-01-24 21:21:30.099  4863-5166  ACodec                  com.tripandevent.sanbotvoice         I  [OMX.Exynos.avc.dec] Now Loaded
2026-01-24 21:21:30.100  4863-5166  ACodec                  com.tripandevent.sanbotvoice         I   [OMX.Exynos.avc.dec] Now uninitialized
2026-01-24 21:21:30.101  4863-5166  ACodec                  com.tripandevent.sanbotvoice         I   [] Now kWhatShutdownCompleted event : 8078
2026-01-24 21:21:30.101  4863-5165  MediaCodec              com.tripandevent.sanbotvoice         I  Codec shutdown complete
2026-01-24 21:21:30.105  4863-5165  MediaCodec              com.tripandevent.sanbotvoice         D  flushMediametrics
2026-01-24 21:21:30.106  4863-5160  MediaCodec              com.tripandevent.sanbotvoice         D  MediaCodec looper is gone, skip reclaim
2026-01-24 21:21:30.106  4863-5160  MediaCodec              com.tripandevent.sanbotvoice         D  flushMediametrics
2026-01-24 21:21:30.106  4863-5160  MediaCodec              com.tripandevent.sanbotvoice         W  no metrics handle found
2026-01-24 21:21:30.108  4863-5160  ACodec                  com.tripandevent.sanbotvoice         I   [] Now uninitialized
2026-01-24 21:21:30.108  4863-5179  ACodec                  com.tripandevent.sanbotvoice         I  [] onAllocateComponent
2026-01-24 21:21:30.111  4863-5179  OMXClient               com.tripandevent.sanbotvoice         I  IOmx service obtained
2026-01-24 21:21:30.127  4863-5179  ACodec                  com.tripandevent.sanbotvoice         I  [OMX.Exynos.avc.dec] Now Loaded
2026-01-24 21:21:30.130  4863-5178  MediaCodec              com.tripandevent.sanbotvoice         D  flushMediametrics
2026-01-24 21:21:30.130  4863-5178  SurfaceUtils            com.tripandevent.sanbotvoice         D  connecting to surface 0xbc653008, reason connectToSurface
2026-01-24 21:21:30.130  4863-5178  MediaCodec              com.tripandevent.sanbotvoice         I  [OMX.Exynos.avc.dec] setting surface generation to 4979714
2026-01-24 21:21:30.130  4863-5178  SurfaceUtils            com.tripandevent.sanbotvoice         D  disconnecting from surface 0xbc653008, reason connectToSurface(reconnect)
2026-01-24 21:21:30.130  4863-5178  SurfaceUtils            com.tripandevent.sanbotvoice         D  connecting to surface 0xbc653008, reason connectToSurface(reconnect)
2026-01-24 21:21:30.131  4863-5179  ACodec                  com.tripandevent.sanbotvoice         V  onConfigureComponent
2026-01-24 21:21:30.131  4863-5179  ACodec                  com.tripandevent.sanbotvoice         I  app-pid(4863)
2026-01-24 21:21:30.131  4863-5179  ACodec                  com.tripandevent.sanbotvoice         V  Configuring CPU controlled video playback.
2026-01-24 21:21:30.132  4863-5179  ACodec                  com.tripandevent.sanbotvoice         V  [OMX.Exynos.avc.dec] setPortMode on output to DynamicANWBuffer succeeded
2026-01-24 21:21:30.134  4863-5179  ACodec                  com.tripandevent.sanbotvoice         V  [OMX.Exynos.avc.dec] setting color aspects (R:2(Limited), P:1(BT709_5), M:1(BT709_5), T:3(SMPTE170M)) err=0(NO_ERROR)
2026-01-24 21:21:30.136  4863-5179  ACodec                  com.tripandevent.sanbotvoice         V  [OMX.Exynos.avc.dec] setting  HDRStaticInfo (R: 0 0, G: 0 0, B: 0, 0, W: 0, 0, MaxDispL: 0, MinDispL: 0, MaxContentL: 0, MaxFrameAvgL: 0)
2026-01-24 21:21:30.136  4863-5179  ACodec                  com.tripandevent.sanbotvoice         W  [OMX.Exynos.avc.dec] setting HDRStaticInfo failed even though codec advertises support
2026-01-24 21:21:30.137  4863-5179  ACodec                  com.tripandevent.sanbotvoice         V  [OMX.Exynos.avc.dec] input format is AMessage(what = 0x00000000) = {
                                                                                                      int32_t adaptive-playback = 1
                                                                                                      string mime = "video/avc"
                                                                                                      int32_t width = 1280
                                                                                                      int32_t height = 720
                                                                                                    }
2026-01-24 21:21:30.138  4863-5179  ACodec                  com.tripandevent.sanbotvoice         V  [OMX.Exynos.avc.dec] setting color aspects (R:2(Limited), P:1(BT709_5), M:1(BT709_5), T:3(SMPTE170M)) err=0(NO_ERROR)
2026-01-24 21:21:30.139  4863-5179  ACodec                  com.tripandevent.sanbotvoice         V  [OMX.Exynos.avc.dec] got color aspects (R:2(Limited), P:1(BT709_5), M:1(BT709_5), T:3(SMPTE170M)) err=0(NO_ERROR)
2026-01-24 21:21:30.139  4863-5179  ACodec                  com.tripandevent.sanbotvoice         V  [OMX.Exynos.avc.dec] got color aspects (R:2(Limited), P:1(BT709_5), M:1(BT709_5), T:3(SMPTE170M)) err=0(NO_ERROR)
2026-01-24 21:21:30.140  4863-5179  ACodec                  com.tripandevent.sanbotvoice         V  for dataspace 0x104
2026-01-24 21:21:30.140  4863-5179  ACodec                  com.tripandevent.sanbotvoice         W  [OMX.Exynos.avc.dec] getting HDRStaticInfo failed even though codec advertises support
2026-01-24 21:21:30.141  4863-5179  ACodec                  com.tripandevent.sanbotvoice         V  [OMX.Exynos.avc.dec] output format is AMessage(what = 0x00000000) = {
                                                                                                      int32_t color-range = 2
                                                                                                      int32_t color-standard = 1
                                                                                                      int32_t color-transfer = 3
                                                                                                      string mime = "video/raw"
                                                                                                      int32_t stride = 1280
                                                                                                      int32_t slice-height = 720
                                                                                                      int32_t color-format = 261
                                                                                                      Rect crop(0, 0, 1279, 719)
                                                                                                      int32_t android._dataspace = 260
                                                                                                      int32_t width = 1280
                                                                                                      int32_t height = 720
                                                                                                    }
2026-01-24 21:21:30.145  4863-5179  ACodec                  com.tripandevent.sanbotvoice         V  onStart
2026-01-24 21:21:30.146  4863-5179  ACodec                  com.tripandevent.sanbotvoice         I  [OMX.Exynos.avc.dec] Now Loaded->Idle
2026-01-24 21:21:30.146  4863-5179  ACodec                  com.tripandevent.sanbotvoice         V  [OMX.Exynos.avc.dec] Allocating 5 buffers of size 7340032 (from 7340032 using PresetByteBuffer) on input port
2026-01-24 21:21:30.160  4863-5179  ACodec                  com.tripandevent.sanbotvoice         V  gralloc usage: 0x400100(OMX) => 0x402900(ACodec)
2026-01-24 21:21:30.161  4863-5179  SurfaceUtils            com.tripandevent.sanbotvoice         D  set up nativeWindow 0xbc653008 for 1280x720, color 0x105, rotation 0, usage 0x402900
2026-01-24 21:21:30.161  4863-5179  ACodec                  com.tripandevent.sanbotvoice         I  [OMX.Exynos.avc.dec] configureOutputBuffersFromNativeWindow setBufferCount : 9, minUndequeuedBuffers : 5
2026-01-24 21:21:30.161  4863-5179  ACodec                  com.tripandevent.sanbotvoice         V  [OMX.Exynos.avc.dec] Allocating 9 meta buffers on output port
2026-01-24 21:21:30.161  4863-5179  ACodec                  com.tripandevent.sanbotvoice         V  [OMX.Exynos.avc.dec] allocated meta buffer with ID 6
2026-01-24 21:21:30.162  4863-5179  ACodec                  com.tripandevent.sanbotvoice         V  [OMX.Exynos.avc.dec] allocated meta buffer with ID 7
2026-01-24 21:21:30.163  4863-5179  ACodec                  com.tripandevent.sanbotvoice         V  [OMX.Exynos.avc.dec] allocated meta buffer with ID 8
2026-01-24 21:21:30.163  4863-5179  ACodec                  com.tripandevent.sanbotvoice         V  [OMX.Exynos.avc.dec] allocated meta buffer with ID 9
2026-01-24 21:21:30.164  4863-5179  ACodec                  com.tripandevent.sanbotvoice         V  [OMX.Exynos.avc.dec] allocated meta buffer with ID 10
2026-01-24 21:21:30.164  4863-5179  ACodec                  com.tripandevent.sanbotvoice         V  [OMX.Exynos.avc.dec] allocated meta buffer with ID 11
2026-01-24 21:21:30.165  4863-5179  ACodec                  com.tripandevent.sanbotvoice         V  [OMX.Exynos.avc.dec] allocated meta buffer with ID 12
2026-01-24 21:21:30.165  4863-5179  ACodec                  com.tripandevent.sanbotvoice         V  [OMX.Exynos.avc.dec] allocated meta buffer with ID 13
2026-01-24 21:21:30.166  4863-5179  ACodec                  com.tripandevent.sanbotvoice         V  [OMX.Exynos.avc.dec] allocated meta buffer with ID 14
2026-01-24 21:21:30.167  4863-5179  ACodec                  com.tripandevent.sanbotvoice         I  [OMX.Exynos.avc.dec] Now Idle->Executing
2026-01-24 21:21:30.167  4863-5179  ACodec                  com.tripandevent.sanbotvoice         I  [OMX.Exynos.avc.dec] Now Executing
2026-01-24 21:21:30.170  4863-5178  MediaCodec              com.tripandevent.sanbotvoice         I  setCodecState state(0), called in 6
2026-01-24 21:21:30.675  4863-5179  ACodec                  com.tripandevent.sanbotvoice         V  [OMX.Exynos.avc.dec] calling emptyBuffer 1 w/ time 46204887000 us, size : 97616
2026-01-24 21:21:30.676  4863-5179  ACodec                  com.tripandevent.sanbotvoice         V  MetadataBuffersToSubmit=4 portMode=RESUBMIT
2026-01-24 21:21:30.678  4863-5179  ACodec                  com.tripandevent.sanbotvoice         V  replaced oldest buffer #8 with age 0, graphicBuffer 0xd6b47d80
2026-01-24 21:21:30.679  4863-5179  ACodec                  com.tripandevent.sanbotvoice         V  [OMX.Exynos.avc.dec] submitting output meta buffer ID 14 for graphic buffer 0xd6b47d80
2026-01-24 21:21:30.688  4863-5179  ACodec                  com.tripandevent.sanbotvoice         V  [OMX.Exynos.avc.dec] setting color aspects (R:2(Limited), P:1(BT709_5), M:1(BT709_5), T:3(SMPTE170M)) err=0(NO_ERROR)
2026-01-24 21:21:30.689  4863-5179  ACodec                  com.tripandevent.sanbotvoice         V  [OMX.Exynos.avc.dec] got color aspects (R:2(Limited), P:1(BT709_5), M:1(BT709_5), T:3(SMPTE170M)) err=0(NO_ERROR)
2026-01-24 21:21:30.689  4863-5179  ACodec                  com.tripandevent.sanbotvoice         V  [OMX.Exynos.avc.dec] got color aspects (R:2(Limited), P:1(BT709_5), M:1(BT709_5), T:3(SMPTE170M)) err=0(NO_ERROR)
2026-01-24 21:21:30.690  4863-5179  ACodec                  com.tripandevent.sanbotvoice         V  for dataspace 0x104
2026-01-24 21:21:30.690  4863-5179  ACodec                  com.tripandevent.sanbotvoice         W  [OMX.Exynos.avc.dec] getting HDRStaticInfo failed even though codec advertises support
2026-01-24 21:21:30.691  4863-5179  ACodec                  com.tripandevent.sanbotvoice         V  [OMX.Exynos.avc.dec] output format is AMessage(what = 0x00000000) = {
                                                                                                      int32_t color-range = 2
                                                                                                      int32_t color-standard = 1
                                                                                                      int32_t color-transfer = 3
                                                                                                      string mime = "video/raw"
                                                                                                      int32_t stride = 1280
                                                                                                      int32_t slice-height = 720
                                                                                                      int32_t color-format = 261
                                                                                                      Rect crop(0, 0, 1279, 719)
                                                                                                      int32_t android._dataspace = 260
                                                                                                      int32_t width = 1280
                                                                                                      int32_t height = 720
                                                                                                      int32_t vendor.rtc-ext-dec-caps-vt-driver-version.number = 190719
                                                                                                      int32_t vendor.rtc-ext-dec-low-latency.enable = 0
                                                                                                      int32_t vendor.sec-ext-dec-compressed-color-format = 0
                                                                                                    }
2026-01-24 21:21:30.694  4863-5179  ACodec                  com.tripandevent.sanbotvoice         I  [OMX.Exynos.avc.dec] Now handling output port settings change
2026-01-24 21:21:30.695  4863-5179  ACodec                  com.tripandevent.sanbotvoice         V  [OMX.Exynos.avc.dec] onOMXFillBufferDone 14 time 0 us, flags = 0x00000000
2026-01-24 21:21:30.695  4863-5179  ACodec                  com.tripandevent.sanbotvoice         V  [OMX.Exynos.avc.dec] Calling cancelBuffer on buffer 14
2026-01-24 21:21:30.697  4863-5179  ACodec                  com.tripandevent.sanbotvoice         V  [OMX.Exynos.avc.dec] Output port now disabled.
2026-01-24 21:21:30.698  4863-5179  ACodec                  com.tripandevent.sanbotvoice         V  gralloc usage: 0x400100(OMX) => 0x402900(ACodec)
2026-01-24 21:21:30.698  4863-5179  SurfaceUtils            com.tripandevent.sanbotvoice         D  set up nativeWindow 0xbc653008 for 1280x720, color 0x105, rotation 0, usage 0x402900
2026-01-24 21:21:30.699  4863-5179  ACodec                  com.tripandevent.sanbotvoice         I  [OMX.Exynos.avc.dec] configureOutputBuffersFromNativeWindow setBufferCount : 13, minUndequeuedBuffers : 5
2026-01-24 21:21:30.699  4863-5179  ACodec                  com.tripandevent.sanbotvoice         V  [OMX.Exynos.avc.dec] Allocating 13 meta buffers on output port
2026-01-24 21:21:30.699  4863-5179  ACodec                  com.tripandevent.sanbotvoice         V  [OMX.Exynos.avc.dec] allocated meta buffer with ID 15
2026-01-24 21:21:30.699  4863-5179  ACodec                  com.tripandevent.sanbotvoice         V  [OMX.Exynos.avc.dec] allocated meta buffer with ID 16
2026-01-24 21:21:30.700  4863-5179  ACodec                  com.tripandevent.sanbotvoice         V  [OMX.Exynos.avc.dec] allocated meta buffer with ID 17
2026-01-24 21:21:30.700  4863-5179  ACodec                  com.tripandevent.sanbotvoice         V  [OMX.Exynos.avc.dec] allocated meta buffer with ID 18
2026-01-24 21:21:30.701  4863-5179  ACodec                  com.tripandevent.sanbotvoice         V  [OMX.Exynos.avc.dec] allocated meta buffer with ID 19
2026-01-24 21:21:30.701  4863-5179  ACodec                  com.tripandevent.sanbotvoice         V  [OMX.Exynos.avc.dec] allocated meta buffer with ID 20
2026-01-24 21:21:30.701  4863-5179  ACodec                  com.tripandevent.sanbotvoice         V  [OMX.Exynos.avc.dec] allocated meta buffer with ID 21
2026-01-24 21:21:30.702  4863-5179  ACodec                  com.tripandevent.sanbotvoice         V  [OMX.Exynos.avc.dec] allocated meta buffer with ID 22
2026-01-24 21:21:30.702  4863-5179  ACodec                  com.tripandevent.sanbotvoice         V  [OMX.Exynos.avc.dec] allocated meta buffer with ID 23
2026-01-24 21:21:30.702  4863-5179  ACodec                  com.tripandevent.sanbotvoice         V  [OMX.Exynos.avc.dec] allocated meta buffer with ID 24
2026-01-24 21:21:30.702  4863-5179  ACodec                  com.tripandevent.sanbotvoice         V  [OMX.Exynos.avc.dec] allocated meta buffer with ID 25
2026-01-24 21:21:30.703  4863-5179  ACodec                  com.tripandevent.sanbotvoice         V  [OMX.Exynos.avc.dec] allocated meta buffer with ID 26
2026-01-24 21:21:30.703  4863-5179  ACodec                  com.tripandevent.sanbotvoice         V  [OMX.Exynos.avc.dec] allocated meta buffer with ID 27
2026-01-24 21:21:30.704  4863-5179  ACodec                  com.tripandevent.sanbotvoice         V  [OMX.Exynos.avc.dec] Output port now reenabled.
2026-01-24 21:21:30.704  4863-5179  ACodec                  com.tripandevent.sanbotvoice         V  replaced oldest buffer #12 with age 0, graphicBuffer 0xd6b47d80
2026-01-24 21:21:30.704  4863-5179  ACodec                  com.tripandevent.sanbotvoice         V  [OMX.Exynos.avc.dec] submitting output meta buffer ID 27 for graphic buffer 0xd6b47d80
2026-01-24 21:21:30.705  4863-5179  ACodec                  com.tripandevent.sanbotvoice         I  [OMX.Exynos.avc.dec] Now Executing
2026-01-24 21:21:30.709  4863-5179  ACodec                  com.tripandevent.sanbotvoice         V  [OMX.Exynos.avc.dec] onOMXFillBufferDone 27 time 46204887000 us, flags = 0x00000030
2026-01-24 21:21:30.709  4863-5179  ACodec                  com.tripandevent.sanbotvoice         V  [OMX.Exynos.avc.dec] onOMXEmptyBufferDone 1
2026-01-24 21:21:30.714  4863-5178  MediaCodec              com.tripandevent.sanbotvoice         I  setCodecState state(1), called in 6
2026-01-24 21:21:30.715  4863-5177  mali_winsys             com.tripandevent.sanbotvoice         E  Unrecognised Android chroma siting range: [2, 2]. Applying default
2026-01-24 21:21:30.716  4863-5179  ACodec                  com.tripandevent.sanbotvoice         V  replaced oldest buffer #11 with age 1, graphicBuffer 0xd6b48980
2026-01-24 21:21:30.717  4863-5179  ACodec                  com.tripandevent.sanbotvoice         V  [OMX.Exynos.avc.dec] calling fillBuffer 26
2026-01-24 21:21:30.718   961-961   audit                   auditd                               E  type=1327 audit(1769269890.713:1143672): proctitle="com.tripandevent.sanbotvoice"
2026-01-24 21:21:30.721  4863-5179  ACodec                  com.tripandevent.sanbotvoice         V  [OMX.Exynos.avc.dec] calling emptyBuffer 2 w/ time 46204927000 us, size : 1186
2026-01-24 21:21:30.721  4863-5179  ACodec                  com.tripandevent.sanbotvoice         V  MetadataBuffersToSubmit=7 portMode=RESUBMIT
2026-01-24 21:21:30.723  4863-5179  ACodec                  com.tripandevent.sanbotvoice         V  replaced oldest buffer #10 with age 1, graphicBuffer 0xd6b48b00
2026-01-24 21:21:30.723  4863-5179  ACodec                  com.tripandevent.sanbotvoice         V  [OMX.Exynos.avc.dec] submitting output meta buffer ID 25 for graphic buffer 0xd6b48b00
2026-01-24 21:21:30.729  4863-5179  ACodec                  com.tripandevent.sanbotvoice         V  [OMX.Exynos.avc.dec] onOMXEmptyBufferDone 2
2026-01-24 21:21:30.731  4863-5179  ACodec                  com.tripandevent.sanbotvoice         V  [OMX.Exynos.avc.dec] onOMXFillBufferDone 26 time 46204927000 us, flags = 0x00000010
2026-01-24 21:21:30.734  4863-5179  ACodec                  com.tripandevent.sanbotvoice         V  replaced oldest buffer #9 with age 2, graphicBuffer 0xd6b48c80
2026-01-24 21:21:30.734  4863-5179  ACodec                  com.tripandevent.sanbotvoice         V  [OMX.Exynos.avc.dec] calling fillBuffer 24
2026-01-24 21:21:30.737  4863-5155  BLASTBufferQueue        com.tripandevent.sanbotvoice         I  [SurfaceView[com.tripandevent.sanbotvoice/com.tripandevent.sanbotvoice.MainActivity]@0#1](f:0,a:0,s:0) onFrameAvailable the first frame is available
2026-01-24 21:21:30.740  4863-5177  mali_winsys             com.tripandevent.sanbotvoice         E  Unrecognised Android chroma siting range: [2, 2]. Applying default
2026-01-24 21:21:30.762  4863-5179  ACodec                  com.tripandevent.sanbotvoice         V  [OMX.Exynos.avc.dec] calling emptyBuffer 3 w/ time 46204967000 us, size : 4774
