2026-01-24 21:21:30.762  4863-5179  ACodec                  com.tripandevent.sanbotvoice         V  MetadataBuffersToSubmit=6 portMode=RESUBMIT
2026-01-24 21:21:30.762  4863-5179  ACodec                  com.tripandevent.sanbotvoice         V  dequeued buffer #12 with age 1, graphicBuffer 0xd6b47d80
2026-01-24 21:21:30.762  4863-5179  ACodec                  com.tripandevent.sanbotvoice         V  [OMX.Exynos.avc.dec] submitting output meta buffer ID 27 for graphic buffer 0xd6b47d80
2026-01-24 21:21:30.768  4863-5179  ACodec                  com.tripandevent.sanbotvoice         V  [OMX.Exynos.avc.dec] onOMXFillBufferDone 25 time 46204967000 us, flags = 0x00000010
2026-01-24 21:21:30.768  4863-5179  ACodec                  com.tripandevent.sanbotvoice         V  [OMX.Exynos.avc.dec] onOMXEmptyBufferDone 3
2026-01-24 21:21:30.770  4863-5177  mali_winsys             com.tripandevent.sanbotvoice         E  Unrecognised Android chroma siting range: [2, 2]. Applying default
2026-01-24 21:21:30.771  4863-5179  ACodec                  com.tripandevent.sanbotvoice         V  replaced oldest buffer #8 with age 3, graphicBuffer 0xe2fac200
2026-01-24 21:21:30.771  4863-5179  ACodec                  com.tripandevent.sanbotvoice         V  [OMX.Exynos.avc.dec] calling fillBuffer 23
2026-01-24 21:21:30.803  4863-5179  ACodec                  com.tripandevent.sanbotvoice         V  [OMX.Exynos.avc.dec] calling emptyBuffer 4 w/ time 46205007000 us, size : 4244
2026-01-24 21:21:30.803  4863-5179  ACodec                  com.tripandevent.sanbotvoice         V  MetadataBuffersToSubmit=5 portMode=RESUBMIT
2026-01-24 21:21:30.803  4863-5179  ACodec                  com.tripandevent.sanbotvoice         V  dequeued buffer #11 with age 1, graphicBuffer 0xd6b48980
2026-01-24 21:21:30.803  4863-5179  ACodec                  com.tripandevent.sanbotvoice         V  [OMX.Exynos.avc.dec] submitting output meta buffer ID 26 for graphic buffer 0xd6b48980
2026-01-24 21:21:30.808  4863-5179  ACodec                  com.tripandevent.sanbotvoice         V  [OMX.Exynos.avc.dec] onOMXEmptyBufferDone 4
2026-01-24 21:21:30.808  4863-5179  ACodec                  com.tripandevent.sanbotvoice         V  [OMX.Exynos.avc.dec] onOMXFillBufferDone 24 time 46205007000 us, flags = 0x00000010
2026-01-24 21:21:30.810  4863-5177  mali_winsys             com.tripandevent.sanbotvoice         E  Unrecognised Android chroma siting range: [2, 2]. Applying default
2026-01-24 21:21:30.812  4863-5179  ACodec                  com.tripandevent.sanbotvoice         V  replaced oldest buffer #7 with age 4, graphicBuffer 0xe2fac380
2026-01-24 21:21:30.812  4863-5179  ACodec                  com.tripandevent.sanbotvoice         V  [OMX.Exynos.avc.dec] calling fillBuffer 22
2026-01-24 21:21:30.843  4863-5179  ACodec                  com.tripandevent.sanbotvoice         V  [OMX.Exynos.avc.dec] calling emptyBuffer 5 w/ time 46205047000 us, size : 8203
2026-01-24 21:21:30.844  4863-5179  ACodec                  com.tripandevent.sanbotvoice         V  MetadataBuffersToSubmit=4 portMode=RESUBMIT
2026-01-24 21:21:30.844  4863-5179  ACodec                  com.tripandevent.sanbotvoice         V  dequeued buffer #10 with age 1, graphicBuffer 0xd6b48b00
2026-01-24 21:21:30.844  4863-5179  ACodec                  com.tripandevent.sanbotvoice         V  [OMX.Exynos.avc.dec] submitting output meta buffer ID 25 for graphic buffer 0xd6b48b00
2026-01-24 21:21:30.849  4863-5179  ACodec                  com.tripandevent.sanbotvoice         V  [OMX.Exynos.avc.dec] onOMXEmptyBufferDone 5
2026-01-24 21:21:30.850  4863-5179  ACodec                  com.tripandevent.sanbotvoice         V  [OMX.Exynos.avc.dec] onOMXFillBufferDone 27 time 46205047000 us, flags = 0x00000010
2026-01-24 21:21:30.853  4863-5179  ACodec                  com.tripandevent.sanbotvoice         V  replaced oldest buffer #6 with age 5, graphicBuffer 0xe2fac500
2026-01-24 21:21:30.854  4863-5179  ACodec                  com.tripandevent.sanbotvoice         V  [OMX.Exynos.avc.dec] calling fillBuffer 21
2026-01-24 21:21:30.884  4863-5179  ACodec                  com.tripandevent.sanbotvoice         V  [OMX.Exynos.avc.dec] calling emptyBuffer 1 w/ time 46205087000 us, size : 7467
2026-01-24 21:21:30.884  4863-5179  ACodec                  com.tripandevent.sanbotvoice         V  MetadataBuffersToSubmit=3 portMode=RESUBMIT
2026-01-24 21:21:30.884  4863-5179  ACodec                  com.tripandevent.sanbotvoice         V  dequeued buffer #9 with age 1, graphicBuffer 0xd6b48c80
2026-01-24 21:21:30.884  4863-5179  ACodec                  com.tripandevent.sanbotvoice         V  [OMX.Exynos.avc.dec] submitting output meta buffer ID 24 for graphic buffer 0xd6b48c80
2026-01-24 21:21:30.888  4863-5179  ACodec                  com.tripandevent.sanbotvoice         V  [OMX.Exynos.avc.dec] onOMXEmptyBufferDone 1
2026-01-24 21:21:30.888  4863-5179  ACodec                  com.tripandevent.sanbotvoice         V  [OMX.Exynos.avc.dec] onOMXFillBufferDone 23 time 46205087000 us, flags = 0x00000010
2026-01-24 21:21:30.890  4863-5177  mali_winsys             com.tripandevent.sanbotvoice         E  Unrecognised Android chroma siting range: [2, 2]. Applying default
2026-01-24 21:21:30.891  4863-5179  ACodec                  com.tripandevent.sanbotvoice         V  replaced oldest buffer #5 with age 6, graphicBuffer 0xd6b48e00
2026-01-24 21:21:30.891  4863-5179  ACodec                  com.tripandevent.sanbotvoice         V  [OMX.Exynos.avc.dec] calling fillBuffer 20
2026-01-24 21:21:30.920  4863-5179  ACodec                  com.tripandevent.sanbotvoice         V  [OMX.Exynos.avc.dec] calling emptyBuffer 2 w/ time 46205127000 us, size : 6882
2026-01-24 21:21:30.920  4863-5179  ACodec                  com.tripandevent.sanbotvoice         V  MetadataBuffersToSubmit=2 portMode=RESUBMIT
2026-01-24 21:21:30.921  4863-5179  ACodec                  com.tripandevent.sanbotvoice         V  dequeued buffer #12 with age 1, graphicBuffer 0xd6b47d80
2026-01-24 21:21:30.921  4863-5179  ACodec                  com.tripandevent.sanbotvoice         V  [OMX.Exynos.avc.dec] submitting output meta buffer ID 27 for graphic buffer 0xd6b47d80
2026-01-24 21:21:30.927  4863-5179  ACodec                  com.tripandevent.sanbotvoice         V  [OMX.Exynos.avc.dec] onOMXEmptyBufferDone 2
2026-01-24 21:21:30.927  4863-5179  ACodec                  com.tripandevent.sanbotvoice         V  [OMX.Exynos.avc.dec] onOMXFillBufferDone 26 time 46205127000 us, flags = 0x00000010
2026-01-24 21:21:30.932  4863-5179  ACodec                  com.tripandevent.sanbotvoice         V  replaced oldest buffer #4 with age 7, graphicBuffer 0xd6b47900
2026-01-24 21:21:30.932  4863-5179  ACodec                  com.tripandevent.sanbotvoice         V  [OMX.Exynos.avc.dec] calling fillBuffer 19
2026-01-24 21:21:30.965  4863-5179  ACodec                  com.tripandevent.sanbotvoice         V  [OMX.Exynos.avc.dec] calling emptyBuffer 3 w/ time 46205167000 us, size : 6438
2026-01-24 21:21:30.965  4863-5179  ACodec                  com.tripandevent.sanbotvoice         V  MetadataBuffersToSubmit=1 portMode=RESUBMIT
2026-01-24 21:21:30.966  4863-5179  ACodec                  com.tripandevent.sanbotvoice         V  dequeued buffer #8 with age 1, graphicBuffer 0xe2fac200
2026-01-24 21:21:30.966  4863-5179  ACodec                  com.tripandevent.sanbotvoice         V  [OMX.Exynos.avc.dec] submitting output meta buffer ID 23 for graphic buffer 0xe2fac200
2026-01-24 21:21:30.971  4863-5179  ACodec                  com.tripandevent.sanbotvoice         V  [OMX.Exynos.avc.dec] onOMXEmptyBufferDone 3
2026-01-24 21:21:30.971  4863-5179  ACodec                  com.tripandevent.sanbotvoice         V  [OMX.Exynos.avc.dec] onOMXFillBufferDone 22 time 46205167000 us, flags = 0x00000010
2026-01-24 21:21:30.974  4863-5177  mali_winsys             com.tripandevent.sanbotvoice         E  Unrecognised Android chroma siting range: [2, 2]. Applying default
2026-01-24 21:21:30.976  4863-5179  ACodec                  com.tripandevent.sanbotvoice         V  replaced oldest buffer #3 with age 8, graphicBuffer 0xd6b49880
2026-01-24 21:21:30.976  4863-5179  ACodec                  com.tripandevent.sanbotvoice         V  [OMX.Exynos.avc.dec] calling fillBuffer 18
2026-01-24 21:21:31.003  4863-5179  ACodec                  com.tripandevent.sanbotvoice         V  [OMX.Exynos.avc.dec] calling emptyBuffer 4 w/ time 46205207000 us, size : 6213
2026-01-24 21:21:31.003  4863-5179  ACodec                  com.tripandevent.sanbotvoice         V  MetadataBuffersToSubmit=0 portMode=RESUBMIT
2026-01-24 21:21:31.007  4863-5179  ACodec                  com.tripandevent.sanbotvoice         V  [OMX.Exynos.avc.dec] onOMXEmptyBufferDone 4
2026-01-24 21:21:31.007  4863-5179  ACodec                  com.tripandevent.sanbotvoice         V  [OMX.Exynos.avc.dec] onOMXFillBufferDone 25 time 46205207000 us, flags = 0x00000010
2026-01-24 21:21:31.009  4863-5179  ACodec                  com.tripandevent.sanbotvoice         V  dequeued buffer #11 with age 2, graphicBuffer 0xd6b48980
2026-01-24 21:21:31.009  4863-5179  ACodec                  com.tripandevent.sanbotvoice         V  [OMX.Exynos.avc.dec] calling fillBuffer 26
2026-01-24 21:21:31.043  4863-5179  ACodec                  com.tripandevent.sanbotvoice         V  [OMX.Exynos.avc.dec] calling emptyBuffer 5 w/ time 46205247000 us, size : 12056
2026-01-24 21:21:31.043  4863-5179  ACodec                  com.tripandevent.sanbotvoice         V  MetadataBuffersToSubmit=0 portMode=RESUBMIT
2026-01-24 21:21:31.047  4863-5179  ACodec                  com.tripandevent.sanbotvoice         V  [OMX.Exynos.avc.dec] onOMXEmptyBufferDone 5
2026-01-24 21:21:31.047  4863-5179  ACodec                  com.tripandevent.sanbotvoice         V  [OMX.Exynos.avc.dec] onOMXFillBufferDone 21 time 46205247000 us, flags = 0x00000010
2026-01-24 21:21:31.048  4863-5179  ACodec                  com.tripandevent.sanbotvoice         V  dequeued buffer #7 with age 2, graphicBuffer 0xe2fac380
2026-01-24 21:21:31.049  4863-5177  mali_winsys             com.tripandevent.sanbotvoice         E  Unrecognised Android chroma siting range: [2, 2]. Applying default
2026-01-24 21:21:31.049  4863-5179  ACodec                  com.tripandevent.sanbotvoice         V  [OMX.Exynos.avc.dec] calling fillBuffer 22
2026-01-24 21:21:31.053  4863-4863  ViewRootIm...nActivity] com.tripandevent.sanbotvoice         I  ViewPostIme pointer 0
2026-01-24 21:21:31.082  4863-5179  ACodec                  com.tripandevent.sanbotvoice         V  [OMX.Exynos.avc.dec] calling emptyBuffer 1 w/ time 46205287000 us, size : 11430
2026-01-24 21:21:31.082  4863-5179  ACodec                  com.tripandevent.sanbotvoice         V  MetadataBuffersToSubmit=0 portMode=RESUBMIT
2026-01-24 21:21:31.086  4863-5179  ACodec                  com.tripandevent.sanbotvoice         V  [OMX.Exynos.avc.dec] onOMXFillBufferDone 24 time 46205287000 us, flags = 0x00000010
2026-01-24 21:21:31.086  4863-5179  ACodec                  com.tripandevent.sanbotvoice         V  [OMX.Exynos.avc.dec] onOMXEmptyBufferDone 1
2026-01-24 21:21:31.088  4863-5179  ACodec                  com.tripandevent.sanbotvoice         V  dequeued buffer #10 with age 2, graphicBuffer 0xd6b48b00
2026-01-24 21:21:31.088  4863-5179  ACodec                  com.tripandevent.sanbotvoice         V  [OMX.Exynos.avc.dec] calling fillBuffer 25
2026-01-24 21:21:31.121  4863-4863  ViewRootIm...nActivity] com.tripandevent.sanbotvoice         I  ViewPostIme pointer 1
2026-01-24 21:21:31.122  4863-4863  VoiceService            com.tripandevent.sanbotvoice         I  Stopping conversation...
2026-01-24 21:21:31.122  4863-4863  HeyGenSessionManager    com.tripandevent.sanbotvoice         D  Stopping HeyGen session
2026-01-24 21:21:31.122  4863-4863  HeyGenSessionManager    com.tripandevent.sanbotvoice         D  State: ACTIVE -> STOPPING
2026-01-24 21:21:31.122  4863-4863  HeyGenVideoManager      com.tripandevent.sanbotvoice         D  Disconnecting from LiveKit
2026-01-24 21:21:31.123  4863-5179  ACodec                  com.tripandevent.sanbotvoice         V  [OMX.Exynos.avc.dec] calling emptyBuffer 2 w/ time 46205327000 us, size : 11017
2026-01-24 21:21:31.123  4863-5179  ACodec                  com.tripandevent.sanbotvoice         V  MetadataBuffersToSubmit=0 portMode=RESUBMIT
2026-01-24 21:21:31.127  4863-5179  ACodec                  com.tripandevent.sanbotvoice         V  [OMX.Exynos.avc.dec] onOMXEmptyBufferDone 2
2026-01-24 21:21:31.127  4863-5179  ACodec                  com.tripandevent.sanbotvoice         V  [OMX.Exynos.avc.dec] onOMXFillBufferDone 20 time 46205327000 us, flags = 0x00000010
2026-01-24 21:21:31.128  4863-5179  ACodec                  com.tripandevent.sanbotvoice         V  dequeued buffer #6 with age 2, graphicBuffer 0xe2fac500
2026-01-24 21:21:31.128  4863-5177  mali_winsys             com.tripandevent.sanbotvoice         E  Unrecognised Android chroma siting range: [2, 2]. Applying default
2026-01-24 21:21:31.128  4863-5179  ACodec                  com.tripandevent.sanbotvoice         V  [OMX.Exynos.avc.dec] calling fillBuffer 21
2026-01-24 21:21:31.132  4863-4863  ConnectivityManager     com.tripandevent.sanbotvoice         D  StackLog: [android.net.ConnectivityManager.unregisterNetworkCallback(ConnectivityManager.java:5573)] [io.livekit.android.room.network.NetworkCallbackRegistryImpl.unregisterNetworkCallback(NetworkCallbackManager.kt:45)] [io.livekit.android.room.network.NetworkCallbackManagerImpl.unregisterCallback(NetworkCallbackManager.kt:92)] [io.livekit.android.room.Room$handleDisconnect$1.invokeSuspend(Room.kt:696)] [kotlin.coroutines.jvm.internal.BaseContinuationImpl.resumeWith(ContinuationImpl.kt:33)] [kotlinx.coroutines.DispatchedTask.run(DispatchedTask.kt:108)] [kotlinx.coroutines.EventLoopImplBase.processNextEvent(EventLoop.common.kt:280)] [kotlinx.coroutines.BlockingCoroutine.joinBlocking(Builders.kt:85)] [kotlinx.coroutines.BuildersKt__BuildersKt.runBlocking(Builders.kt:59)] [kotlinx.coroutines.BuildersKt.runBlocking(Unknown Source:1)] [kotlinx.coroutines.BuildersKt__BuildersKt.runBlocking$default(Builders.kt:38)] [kotlinx.coroutines.BuildersKt.runBlocking$default(Unknown Source:1)] [io.livekit.android.room.Room.handleDisconnect(Room.kt:691)] [io.livekit.android.room.Room.disconnect(Room.kt:423)] [com.tripandevent.sanbotvoice.heygen.HeyGenVideoManager.disconnect(HeyGenVideoManager.kt:342)] [com.tripandevent.sanbotvoice.heygen.HeyGenSessionManager.stopSession(HeyGenSessionManager.java:337)] [com.tripandevent.sanbotvoice.core.VoiceAgentService.stopConversation(VoiceAgentService.java:383)] [com.tripandevent.sanbotvoice.MainActivity.lambda$setupClickListeners$0(MainActivity.java:166)] [com.tripandevent.sanbotvoice.MainActivity.$r8$lambda$T1R6n4FKPr68aBa7yWFhBhAHrt4(Unknown Source:0)] [com.tripandevent.sanbotvoice.MainActivity$$ExternalSyntheticLambda7.onOrbClick(D8$$SyntheticClass:0)] [com.tripandevent.sanbotvoice.ui.views.VoiceOrbView.onTouchEvent(VoiceOrbView.java:209)] [android.view.View.dispatchTouchEvent(View.java:16225)] [android.view.ViewGroup.dispatchTransformedTouchEvent(ViewGroup.java:3328)] [android.view.ViewGroup.dispatchTouchEvent(ViewGroup.java:2998)] [android.view.ViewGroup.dispatchTransformedTouchEvent(ViewGroup.java:3328)] [android.view.ViewGroup.dispatchTouchEvent(ViewGroup.java:2998)] [android.view.ViewGroup.dispatchTransformedTouchEvent(ViewGroup.java:3328)] [android.view.ViewGroup.dispatchTouchEvent(ViewGroup.java:2998)] [android.view.ViewGroup.dispatchTransformedTouchEvent(ViewGroup.java:3328)] [android.view.ViewGroup.dispatchTouchEvent(ViewGroup.java:2998)] [android.view.ViewGroup.dispatchTransformedTouchEvent(ViewGroup.java:3328)] [android.view.ViewGroup.dispatchTouchEvent(ViewGroup.java:2998)] [android.view.ViewGroup.dispatchTransformedTouchEvent(ViewGroup.java:3328)] [android.view.ViewGroup.dispatchTouchEvent(ViewGroup.java:2998)] [com.android.internal.policy.DecorView.superDispatchTouchEvent(DecorView.java:776)] [com.android.internal.policy.PhoneWindow.superDispatchTouchEvent(PhoneWindow.java:1967)] [android.app.Activity.dispatchTouchEvent(Activity.java:4548)] [androidx.appcompat.view.WindowCallbackWrapper.dispatchTouchEvent(WindowCallbackWrapper.java:70)] [com.android.internal.policy.DecorView.dispatchTouchEvent(DecorView.java:734)] [android.view.View.dispatchPointerEvent(View.java:16489)] [android.view.ViewRootImpl$ViewPostImeInputStage.processPointerEvent(ViewRootImpl.java:8604)] [android.view.ViewRootImpl$ViewPostImeInputStage.onProcess(ViewRootImpl.java:8355)] [android.view.ViewRootImpl$InputStage.deliver(ViewRootImpl.java:7684)] [android.view.ViewRootImpl$InputStage.onDeliverToNext(ViewRootImpl.java:7741)] [android.view.ViewRootImpl$InputStage.forward(ViewRootImpl.java:7707)] [android.view.ViewRootImpl$AsyncInputStage.forward(ViewRootImpl.java:7910)] [android.view.ViewRootImpl$InputStage.apply(ViewRootImpl.java:7715)] [android.view.ViewRootImpl$AsyncInputStage.apply(ViewRootImpl.java:7967)] [android.view.ViewRootImpl$InputStage.deliver(ViewRootImpl.java:7688)] [android.view.ViewRootImpl$InputStage.onDeliverToNext(ViewRootImpl.java:7741)] [android.view.ViewRootImpl$InputStage.forward(ViewRootImpl.java:7707)] [android.view.ViewRootImpl$InputStage.apply
2026-01-24 21:21:31.165  4863-5179  ACodec                  com.tripandevent.sanbotvoice         V  [OMX.Exynos.avc.dec] calling emptyBuffer 3 w/ time 46205367000 us, size : 11314
2026-01-24 21:21:31.165  4863-5179  ACodec                  com.tripandevent.sanbotvoice         V  MetadataBuffersToSubmit=0 portMode=RESUBMIT
2026-01-24 21:21:31.168  4863-5179  ACodec                  com.tripandevent.sanbotvoice         V  [OMX.Exynos.avc.dec] onOMXEmptyBufferDone 3
2026-01-24 21:21:31.168  4863-5179  ACodec                  com.tripandevent.sanbotvoice         V  [OMX.Exynos.avc.dec] onOMXFillBufferDone 27 time 46205367000 us, flags = 0x00000010
2026-01-24 21:21:31.169  4863-5179  ACodec                  com.tripandevent.sanbotvoice         V  dequeued buffer #9 with age 2, graphicBuffer 0xd6b48c80
2026-01-24 21:21:31.169  4863-5179  ACodec                  com.tripandevent.sanbotvoice         V  [OMX.Exynos.avc.dec] calling fillBuffer 24
2026-01-24 21:21:31.270  4863-5179  ACodec                  com.tripandevent.sanbotvoice         I  [OMX.Exynos.avc.dec] Now Executing->Idle
2026-01-24 21:21:31.273  4863-5179  ACodec                  com.tripandevent.sanbotvoice         V  [OMX.Exynos.avc.dec] onOMXFillBufferDone 18 time 0 us, flags = 0x00000000
2026-01-24 21:21:31.273  4863-5179  ACodec                  com.tripandevent.sanbotvoice         V  [OMX.Exynos.avc.dec] onOMXFillBufferDone 19 time 0 us, flags = 0x00000000
2026-01-24 21:21:31.273  4863-5179  ACodec                  com.tripandevent.sanbotvoice         V  [OMX.Exynos.avc.dec] onOMXFillBufferDone 21 time 46205247000 us, flags = 0x00000000
2026-01-24 21:21:31.273  4863-5179  ACodec                  com.tripandevent.sanbotvoice         V  [OMX.Exynos.avc.dec] onOMXFillBufferDone 22 time 46205167000 us, flags = 0x00000000
2026-01-24 21:21:31.274  4863-5179  ACodec                  com.tripandevent.sanbotvoice         V  [OMX.Exynos.avc.dec] onOMXFillBufferDone 23 time 46205087000 us, flags = 0x00000000
2026-01-24 21:21:31.274  4863-5179  ACodec                  com.tripandevent.sanbotvoice         V  [OMX.Exynos.avc.dec] onOMXFillBufferDone 24 time 46205287000 us, flags = 0x00000000
2026-01-24 21:21:31.274  4863-5179  ACodec                  com.tripandevent.sanbotvoice         V  [OMX.Exynos.avc.dec] onOMXFillBufferDone 25 time 46205207000 us, flags = 0x00000000
2026-01-24 21:21:31.274  4863-5179  ACodec                  com.tripandevent.sanbotvoice         V  [OMX.Exynos.avc.dec] onOMXFillBufferDone 26 time 46205127000 us, flags = 0x00000000
2026-01-24 21:21:31.280  4863-5179  ACodec                  com.tripandevent.sanbotvoice         V  [OMX.Exynos.avc.dec] Calling cancelBuffer on buffer 26
2026-01-24 21:21:31.280  4863-5179  ACodec                  com.tripandevent.sanbotvoice         V  [OMX.Exynos.avc.dec] Calling cancelBuffer on buffer 25
2026-01-24 21:21:31.282  4863-5179  ACodec                  com.tripandevent.sanbotvoice         V  [OMX.Exynos.avc.dec] Calling cancelBuffer on buffer 24
2026-01-24 21:21:31.282  4863-5179  ACodec                  com.tripandevent.sanbotvoice         V  [OMX.Exynos.avc.dec] Calling cancelBuffer on buffer 23
2026-01-24 21:21:31.283  4863-5179  ACodec                  com.tripandevent.sanbotvoice         V  [OMX.Exynos.avc.dec] Calling cancelBuffer on buffer 22
2026-01-24 21:21:31.283  4863-5179  ACodec                  com.tripandevent.sanbotvoice         V  [OMX.Exynos.avc.dec] Calling cancelBuffer on buffer 21
2026-01-24 21:21:31.284  4863-5179  ACodec                  com.tripandevent.sanbotvoice         V  [OMX.Exynos.avc.dec] Calling cancelBuffer on buffer 19
2026-01-24 21:21:31.285  4863-5179  ACodec                  com.tripandevent.sanbotvoice         V  [OMX.Exynos.avc.dec] Calling cancelBuffer on buffer 18
2026-01-24 21:21:31.286  4863-5179  ACodec                  com.tripandevent.sanbotvoice         I  [OMX.Exynos.avc.dec] Now Idle->Loaded
2026-01-24 21:21:31.287  4863-5179  ACodec                  com.tripandevent.sanbotvoice         I  [OMX.Exynos.avc.dec] Now Loaded
2026-01-24 21:21:31.287  4863-5179  ACodec                  com.tripandevent.sanbotvoice         I   [OMX.Exynos.avc.dec] Now kWhatShutdownCompleted event : 8078
2026-01-24 21:21:31.289  4863-5178  SurfaceUtils            com.tripandevent.sanbotvoice         D  disconnecting from surface 0xbc653008, reason disconnectFromSurface
2026-01-24 21:21:31.294  4863-5179  ACodec                  com.tripandevent.sanbotvoice         I   [OMX.Exynos.avc.dec] Now uninitialized
2026-01-24 21:21:31.295  4863-5179  ACodec                  com.tripandevent.sanbotvoice         I   [] Now kWhatShutdownCompleted event : 8078
2026-01-24 21:21:31.295  4863-5178  MediaCodec              com.tripandevent.sanbotvoice         I  Codec shutdown complete
2026-01-24 21:21:31.297  4863-5178  MediaCodec              com.tripandevent.sanbotvoice         D  flushMediametrics
2026-01-24 21:21:31.298  4863-5178  MediaCodec              com.tripandevent.sanbotvoice         D  flushMediametrics
2026-01-24 21:21:31.298  4863-5178  MediaCodec              com.tripandevent.sanbotvoice         W  no metrics handle found
2026-01-24 21:21:31.313  4863-5003  AudioTrack              com.tripandevent.sanbotvoice         D  stop(10470): called with 106080 frames delivered
2026-01-24 21:21:31.320  4863-5002  ConnectivityManager     com.tripandevent.sanbotvoice         D  StackLog: [android.net.ConnectivityManager.unregisterNetworkCallback(ConnectivityManager.java:5573)] [livekit.org.webrtc.NetworkMonitorAutoDetect$ConnectivityManagerDelegate.releaseCallback(NetworkMonitorAutoDetect.java:495)] [livekit.org.webrtc.NetworkMonitorAutoDetect.destroy(NetworkMonitorAutoDetect.java:739)] [livekit.org.webrtc.NetworkMonitor.stopMonitoring(NetworkMonitor.java:159)] [livekit.org.webrtc.NetworkMonitor.stopMonitoring(NetworkMonitor.java:168)]
2026-01-24 21:21:31.375  4863-4863  HeyGenApiClient         com.tripandevent.sanbotvoice         D  Stopping session: 8c15ee74-2e34-429d-b8d8-978ff859ac40
2026-01-24 21:21:31.377  4863-5000  SanbotMotion            com.tripandevent.sanbotvoice         D  Executing: showEmotion goodbye
2026-01-24 21:21:31.377  4863-5000  SanbotMotion            com.tripandevent.sanbotvoice         D  [SIM] Showing emotion: goodbye
2026-01-24 21:21:31.377  4863-5000  SanbotMotion            com.tripandevent.sanbotvoice         D  Executing: waveHand (right=true)
2026-01-24 21:21:31.377  4863-5000  SanbotMotion            com.tripandevent.sanbotvoice         D  [SIM] Waving right hand
2026-01-24 21:21:31.378  4863-4863  Analytics               com.tripandevent.sanbotvoice         D  Session ended: Session: duration=15939ms, messages=0/0, errors=0, avgResponse=0ms
2026-01-24 21:21:31.378  4863-4863  VoiceService            com.tripandevent.sanbotvoice         I  Session summary: Session: duration=15939ms, messages=0/0, errors=0, avgResponse=0ms
2026-01-24 21:21:31.378  4863-4863  WebRTC                  com.tripandevent.sanbotvoice         D  Disconnecting...
2026-01-24 21:21:31.380  4863-4908  WebRTC                  com.tripandevent.sanbotvoice         D  Data channel state: CLOSING
2026-01-24 21:21:31.381  4863-4908  System.err              com.tripandevent.sanbotvoice         W  java.lang.NullPointerException: Attempt to invoke virtual method 'org.webrtc.DataChannel$State org.webrtc.DataChannel.state()' on a null object reference
2026-01-24 21:21:31.381  4863-4908  System.err              com.tripandevent.sanbotvoice         W  	at com.tripandevent.sanbotvoice.webrtc.WebRTCManager$DataChannelObserver.onStateChange(WebRTCManager.java:733)
2026-01-24 21:21:31.381  4863-4908  rtc                     com.tripandevent.sanbotvoice         E  #
                                                                                                    # Fatal error in: gen/jni_headers/sdk/android/generated_metrics_jni/../../../../../../../../home/kanat/webrtc/src/sdk/android/src/jni/jni_generator_helper.h, line 95
                                                                                                    # last system error: 11
                                                                                                    # Check failed: !env->ExceptionCheck()
                                                                                                    # 
2026-01-24 21:21:31.382  4863-4908  libc                    com.tripandevent.sanbotvoice         A  Fatal signal 6 (SIGABRT), code -1 (SI_QUEUE) in tid 4908 (signaling_threa), pid 4863 (ent.sanbotvoice)
2026-01-24 21:21:31.383  4863-4863  AudioProcessor          com.tripandevent.sanbotvoice         D  Audio processor released
2026-01-24 21:21:31.977  4863-4863  AudioBooster            com.tripandevent.sanbotvoice         D  Audio settings restored to original
2026-01-24 21:21:31.978  4863-4863  VoiceService            com.tripandevent.sanbotvoice         D  Logging disconnect - Session: sess_D1aCtnMVck5NdpC00goJr, Duration: 16540ms, Messages: 0, Reason: user_initiated
2026-01-24 21:21:31.978  4863-4863  VoiceService            com.tripandevent.sanbotvoice         D  State: CONFIGURING -> IDLE
2026-01-24 21:21:31.978  4863-4863  MainActivity            com.tripandevent.sanbotvoice         D  State changed: IDLE
2026-01-24 21:21:31.995  4863-4863  Choreographer           com.tripandevent.sanbotvoice         I  Skipped 52 frames!  The application may be doing too much work on its main thread.
2026-01-24 21:21:32.026  4863-4863  HeyGenSessionManager    com.tripandevent.sanbotvoice         D  Video disconnected
2026-01-24 21:21:32.043  4863-4985  OpenGLRenderer          com.tripandevent.sanbotvoice         I  Davey! duration=911ms; Flags=0, FrameTimelineVsyncId=170724105, IntendedVsync=631239629710317, Vsync=631240495228477, InputEventId=868168869, HandleInputStart=631240501662230, AnimationStart=631240501703883, PerformTraversalsStart=631240501969268, DrawStart=631240525666883, FrameDeadline=631239646376983, FrameInterval=631240500843345, FrameStartTime=16644580, SyncQueued=631240527271153, SyncStart=631240527456268, IssueDrawCommandsStart=631240527749345, SwapBuffers=631240536733191, FrameCompleted=631240541888306, DequeueBufferDuration=45731, QueueBufferDuration=804193, GpuCompleted=631240541888306, SwapBuffersCompleted=631240538442114, DisplayPresentTime=631235852579810, CommandSubmissionCompleted=631240536733191, 
2026-01-24 21:21:32.204  5192-5192  DEBUG                   pid-5192                             A  Cmdline: com.tripandevent.sanbotvoice
2026-01-24 21:21:32.204  5192-5192  DEBUG                   pid-5192                             A  pid: 4863, tid: 4908, name: signaling_threa  >>> com.tripandevent.sanbotvoice <<<
2026-01-24 21:21:32.205  5192-5192  DEBUG                   pid-5192                             A        #01 pc 00254a61  /data/app/~~rFUA3stgoLfNyWrs48miqA==/com.tripandevent.sanbotvoice-QJqRZEgA1s3qF_M0f26oDg==/lib/arm/libjingle_peerconnection_so.so (BuildId: af6b733df1d15cf1)
2026-01-24 21:21:32.205  5192-5192  DEBUG                   pid-5192                             A        #02 pc 00254cf1  /data/app/~~rFUA3stgoLfNyWrs48miqA==/com.tripandevent.sanbotvoice-QJqRZEgA1s3qF_M0f26oDg==/lib/arm/libjingle_peerconnection_so.so (BuildId: af6b733df1d15cf1)
2026-01-24 21:21:32.205  5192-5192  DEBUG                   pid-5192                             A        #03 pc 0024aafb  /data/app/~~rFUA3stgoLfNyWrs48miqA==/com.tripandevent.sanbotvoice-QJqRZEgA1s3qF_M0f26oDg==/lib/arm/libjingle_peerconnection_so.so (BuildId: af6b733df1d15cf1)
2026-01-24 21:21:32.205  5192-5192  DEBUG                   pid-5192                             A        #04 pc 0024aa87  /data/app/~~rFUA3stgoLfNyWrs48miqA==/com.tripandevent.sanbotvoice-QJqRZEgA1s3qF_M0f26oDg==/lib/arm/libjingle_peerconnection_so.so (BuildId: af6b733df1d15cf1)
2026-01-24 21:21:32.205  5192-5192  DEBUG                   pid-5192                             A        #05 pc 005335f1  /data/app/~~rFUA3stgoLfNyWrs48miqA==/com.tripandevent.sanbotvoice-QJqRZEgA1s3qF_M0f26oDg==/lib/arm/libjingle_peerconnection_so.so (BuildId: af6b733df1d15cf1)
2026-01-24 21:21:32.205  5192-5192  DEBUG                   pid-5192                             A        #06 pc 00266ce7  /data/app/~~rFUA3stgoLfNyWrs48miqA==/com.tripandevent.sanbotvoice-QJqRZEgA1s3qF_M0f26oDg==/lib/arm/libjingle_peerconnection_so.so (BuildId: af6b733df1d15cf1)
2026-01-24 21:21:32.205  5192-5192  DEBUG                   pid-5192                             A        #07 pc 00266607  /data/app/~~rFUA3stgoLfNyWrs48miqA==/com.tripandevent.sanbotvoice-QJqRZEgA1s3qF_M0f26oDg==/lib/arm/libjingle_peerconnection_so.so (BuildId: af6b733df1d15cf1)
2026-01-24 21:21:32.205  5192-5192  DEBUG                   pid-5192                             A        #08 pc 00266edd  /data/app/~~rFUA3stgoLfNyWrs48miqA==/com.tripandevent.sanbotvoice-QJqRZEgA1s3qF_M0f26oDg==/lib/arm/libjingle_peerconnection_so.so (BuildId: af6b733df1d15cf1)
---------------------------- PROCESS STARTED (5195) for package com.tripandevent.sanbotvoice ----------------------------
---------------------------- PROCESS ENDED (4863) for package com.tripandevent.sanbotvoice ----------------------------
2026-01-24 21:21:32.579  1363-3958  AppOps                  system_server                        E  Operation not started: uid=10352 pkg=com.tripandevent.sanbotvoice(null) op=RECORD_AUDIO
---------------------------- PROCESS ENDED (5195) for package com.tripandevent.sanbotvoice ----------------------------
2026-01-24 21:21:33.633   961-961   audit                   auditd                               E  type=1400 audit(1769269893.629:1143681): avc:  granted  { execute } for  pid=5228 comm="re-initialized>" path="/data/data/com.tripandevent.sanbotvoice/code_cache/startup_agents/65318d08-agent.so" dev="dm-51" ino=182766 scontext=u:r:untrusted_app:s0:c96,c257,c512,c768 tcontext=u:object_r:app_data_file:s0:c96,c257,c512,c768 tclass=file SEPF_SM-A135F_14_0001 audit_filtered
---------------------------- PROCESS STARTED (5228) for package com.tripandevent.sanbotvoice ----------------------------
2026-01-24 21:21:34.179  5228-5228  Compatibil...geReporter com.tripandevent.sanbotvoice         D  Compat change id reported: 242716250; UID 10352; state: ENABLED
2026-01-24 21:21:34.683  5228-5228  nativeloader            com.tripandevent.sanbotvoice         D  Configuring clns-4 for other apk /data/app/~~rFUA3stgoLfNyWrs48miqA==/com.tripandevent.sanbotvoice-QJqRZEgA1s3qF_M0f26oDg==/base.apk. target_sdk_version=34, uses_libraries=, library_path=/data/app/~~rFUA3stgoLfNyWrs48miqA==/com.tripandevent.sanbotvoice-QJqRZEgA1s3qF_M0f26oDg==/lib/arm:/data/app/~~rFUA3stgoLfNyWrs48miqA==/com.tripandevent.sanbotvoice-QJqRZEgA1s3qF_M0f26oDg==/base.apk!/lib/armeabi-v7a, permitted_path=/data:/mnt/expand:/data/user/0/com.tripandevent.sanbotvoice
2026-01-24 21:21:34.704  5228-5228  nativeloader            com.tripandevent.sanbotvoice         D  Load libframework-connectivity-jni.so using APEX ns com_android_tethering for caller /apex/com.android.tethering/javalib/framework-connectivity.jar: ok
2026-01-24 21:21:34.714  5228-5228  GraphicsEnvironment     com.tripandevent.sanbotvoice         V  Currently set values for:
2026-01-24 21:21:34.714  5228-5228  GraphicsEnvironment     com.tripandevent.sanbotvoice         V    angle_gl_driver_selection_pkgs=[]
2026-01-24 21:21:34.714  5228-5228  GraphicsEnvironment     com.tripandevent.sanbotvoice         V    angle_gl_driver_selection_values=[]
2026-01-24 21:21:34.715  5228-5228  GraphicsEnvironment     com.tripandevent.sanbotvoice         V  ANGLE GameManagerService for com.tripandevent.sanbotvoice: false
2026-01-24 21:21:34.715  5228-5228  GraphicsEnvironment     com.tripandevent.sanbotvoice         V  com.tripandevent.sanbotvoice is not listed in per-application setting
2026-01-24 21:21:34.716  5228-5228  GraphicsEnvironment     com.tripandevent.sanbotvoice         V  Neither updatable production driver nor prerelease driver is supported.
2026-01-24 21:21:34.963  5228-5228  Logger                  com.tripandevent.sanbotvoice         D  Logger initialized. Debug logging: true
2026-01-24 21:21:34.963  5228-5228  SanbotVoiceApp          com.tripandevent.sanbotvoice         I  Application starting...
2026-01-24 21:21:34.971  5228-5228  SanbotVoiceApp          com.tripandevent.sanbotvoice         D  Notification channel created
2026-01-24 21:21:34.973  5228-5228  SanbotVoiceApp          com.tripandevent.sanbotvoice         D  Device Info:
2026-01-24 21:21:34.975  5228-5228  SanbotVoiceApp          com.tripandevent.sanbotvoice         D    Manufacturer: samsung
2026-01-24 21:21:34.975  5228-5228  SanbotVoiceApp          com.tripandevent.sanbotvoice         D    Model: SM-A135F
2026-01-24 21:21:34.975  5228-5228  SanbotVoiceApp          com.tripandevent.sanbotvoice         D    Device: a13
2026-01-24 21:21:34.976  5228-5228  SanbotVoiceApp          com.tripandevent.sanbotvoice         D    Android Version: 14 (SDK 34)
2026-01-24 21:21:34.977  5228-5228  SanbotVoiceApp          com.tripandevent.sanbotvoice         D    App Version: 1.0.0 (1)
2026-01-24 21:21:34.978  5228-5228  SanbotVoiceApp          com.tripandevent.sanbotvoice         W  Not running on Sanbot device - some features may not work
2026-01-24 21:21:34.978  5228-5228  SanbotVoiceApp          com.tripandevent.sanbotvoice         I  Application initialized successfully
2026-01-24 21:21:34.998  5228-5228  VoiceService            com.tripandevent.sanbotvoice         I  VoiceAgentService created
2026-01-24 21:21:35.009  5228-5228  WebRTC                  com.tripandevent.sanbotvoice         D  Initializing WebRTC...
2026-01-24 21:21:35.020  5228-5245  org.webrtc.Logging      com.tripandevent.sanbotvoice         I  NativeLibrary: Loading native library: jingle_peerconnection_so
2026-01-24 21:21:35.020  5228-5245  org.webrtc.Logging      com.tripandevent.sanbotvoice         I  NativeLibrary: Loading library: jingle_peerconnection_so
2026-01-24 21:21:35.024  5228-5245  nativeloader            com.tripandevent.sanbotvoice         D  Load /data/app/~~rFUA3stgoLfNyWrs48miqA==/com.tripandevent.sanbotvoice-QJqRZEgA1s3qF_M0f26oDg==/lib/arm/libjingle_peerconnection_so.so using class loader ns clns-4 (caller=/data/app/~~rFUA3stgoLfNyWrs48miqA==/com.tripandevent.sanbotvoice-QJqRZEgA1s3qF_M0f26oDg==/base.apk!classes12.dex): ok
2026-01-24 21:21:35.028  5228-5245  org.webrtc.Logging      com.tripandevent.sanbotvoice         I  PeerConnectionFactory: PeerConnectionFactory was initialized without an injected Loggable. Any existing Loggable will be deleted.
2026-01-24 21:21:35.032  5228-5245  Compatibil...geReporter com.tripandevent.sanbotvoice         D  Compat change id reported: 263076149; UID 10352; state: ENABLED
2026-01-24 21:21:35.051  5228-5245  org.webrtc.Logging      com.tripandevent.sanbotvoice         I  WebRtcAudioManagerExternal: Sample rate is set to 48000 Hz
2026-01-24 21:21:35.052  5228-5245  org.webrtc.Logging      com.tripandevent.sanbotvoice         I  WebRtcAudioManagerExternal: Sample rate is set to 48000 Hz
2026-01-24 21:21:35.052  5228-5245  org.webrtc.Logging      com.tripandevent.sanbotvoice         I  JavaAudioDeviceModule: createAudioDeviceModule
2026-01-24 21:21:35.053  5228-5245  org.webrtc.Logging      com.tripandevent.sanbotvoice         I  JavaAudioDeviceModule: HW NS will be used.
2026-01-24 21:21:35.053  5228-5245  org.webrtc.Logging      com.tripandevent.sanbotvoice         I  JavaAudioDeviceModule: HW AEC will be used.
2026-01-24 21:21:35.057  5228-5245  org.webrtc.Logging      com.tripandevent.sanbotvoice         I  WebRtcAudioEffectsExternal: ctor@[name=pool-3-thread-1, id=479]
2026-01-24 21:21:35.057  5228-5245  org.webrtc.Logging      com.tripandevent.sanbotvoice         I  WebRtcAudioRecordExternal: ctor@[name=pool-3-thread-1, id=479]
2026-01-24 21:21:35.061  5228-5245  org.webrtc.Logging      com.tripandevent.sanbotvoice         I  WebRtcAudioTrackExternal: ctor@[name=pool-3-thread-1, id=479]
2026-01-24 21:21:35.069  5228-5247  org.webrtc.Logging      com.tripandevent.sanbotvoice         I  WebRtcAudioRecordExternal: enableBuiltInAEC(true)
2026-01-24 21:21:35.069  5228-5247  org.webrtc.Logging      com.tripandevent.sanbotvoice         I  WebRtcAudioEffectsExternal: setAEC(true)
2026-01-24 21:21:35.070  5228-5247  org.webrtc.Logging      com.tripandevent.sanbotvoice         I  WebRtcAudioRecordExternal: enableBuiltInNS(true)
2026-01-24 21:21:35.070  5228-5247  org.webrtc.Logging      com.tripandevent.sanbotvoice         I  WebRtcAudioEffectsExternal: setNS(true)
2026-01-24 21:21:35.072  5228-5245  WebRTC                  com.tripandevent.sanbotvoice         D  WebRTC initialized successfully
2026-01-24 21:21:35.072  5228-5248  org.webrtc.Logging      com.tripandevent.sanbotvoice         I  PeerConnectionFactory: onSignalingThreadReady
2026-01-24 21:21:35.073  5228-5247  org.webrtc.Logging      com.tripandevent.sanbotvoice         I  PeerConnectionFactory: onWorkerThreadReady
2026-01-24 21:21:35.075  5228-5246  org.webrtc.Logging      com.tripandevent.sanbotvoice         I  PeerConnectionFactory: onNetworkThreadReady
2026-01-24 21:21:35.247  5228-5228  SanbotMotion            com.tripandevent.sanbotvoice         W  Sanbot SDK not available - running in simulation mode
2026-01-24 21:21:35.255  5228-5228  SpeakerIdentifier       com.tripandevent.sanbotvoice         D  Loaded 0 speaker profiles
2026-01-24 21:21:35.264  5228-5228  VoiceService            com.tripandevent.sanbotvoice         I  HeyGen avatar support initialized
2026-01-24 21:21:35.277  5228-5228  VoiceService            com.tripandevent.sanbotvoice         D  Service started
2026-01-24 21:21:35.277  5228-5228  Compatibil...geReporter com.tripandevent.sanbotvoice         D  Compat change id reported: 160794467; UID 10352; state: ENABLED
2026-01-24 21:21:35.297  5228-5228  AndroidRuntime          com.tripandevent.sanbotvoice         D  Shutting down VM
2026-01-24 21:21:35.312  5228-5228  AndroidRuntime          com.tripandevent.sanbotvoice         E  FATAL EXCEPTION: main
                                                                                                    Process: com.tripandevent.sanbotvoice, PID: 5228
                                                                                                    java.lang.RuntimeException: Unable to start service com.tripandevent.sanbotvoice.core.VoiceAgentService@1e93b43 with null: android.app.ForegroundServiceStartNotAllowedException: Service.startForeground() not allowed due to mAllowStartForeground false: service com.tripandevent.sanbotvoice/.core.VoiceAgentService
                                                                                                    	at android.app.ActivityThread.handleServiceArgs(ActivityThread.java:5286)
                                                                                                    	at android.app.ActivityThread.-$$Nest$mhandleServiceArgs(Unknown Source:0)
                                                                                                    	at android.app.ActivityThread$H.handleMessage(ActivityThread.java:2531)
                                                                                                    	at android.os.Handler.dispatchMessage(Handler.java:106)
                                                                                                    	at android.os.Looper.loopOnce(Looper.java:230)
                                                                                                    	at android.os.Looper.loop(Looper.java:319)
                                                                                                    	at android.app.ActivityThread.main(ActivityThread.java:8919)
                                                                                                    	at java.lang.reflect.Method.invoke(Native Method)
                                                                                                    	at com.android.internal.os.RuntimeInit$MethodAndArgsCaller.run(RuntimeInit.java:578)
                                                                                                    	at com.android.internal.os.ZygoteInit.main(ZygoteInit.java:1103)
                                                                                                    Caused by: android.app.ForegroundServiceStartNotAllowedException: Service.startForeground() not allowed due to mAllowStartForeground false: service com.tripandevent.sanbotvoice/.core.VoiceAgentService
                                                                                                    	at android.app.ForegroundServiceStartNotAllowedException$1.createFromParcel(ForegroundServiceStartNotAllowedException.java:54)
                                                                                                    	at android.app.ForegroundServiceStartNotAllowedException$1.createFromParcel(ForegroundServiceStartNotAllowedException.java:50)
                                                                                                    	at android.os.Parcel.readParcelableInternal(Parcel.java:4904)
                                                                                                    	at android.os.Parcel.readParcelable(Parcel.java:4886)
                                                                                                    	at android.os.Parcel.createExceptionOrNull(Parcel.java:3086)
                                                                                                    	at android.os.Parcel.createException(Parcel.java:3075)
                                                                                                    	at android.os.Parcel.readException(Parcel.java:3058)
                                                                                                    	at android.os.Parcel.readException(Parcel.java:3000)
                                                                                                    	at android.app.IActivityManager$Stub$Proxy.setServiceForeground(IActivityManager.java:7234)
                                                                                                    	at android.app.Service.startForeground(Service.java:775)
                                                                                                    	at com.tripandevent.sanbotvoice.core.VoiceAgentService.onStartCommand(VoiceAgentService.java:233)
                                                                                                    	at android.app.ActivityThread.handleServiceArgs(ActivityThread.java:5268)
                                                                                                    	at android.app.ActivityThread.-$$Nest$mhandleServiceArgs(Unknown Source:0) 
                                                                                                    	at android.app.ActivityThread$H.handleMessage(ActivityThread.java:2531) 
                                                                                                    	at android.os.Handler.dispatchMessage(Handler.java:106) 
                                                                                                    	at android.os.Looper.loopOnce(Looper.java:230) 
                                                                                                    	at android.os.Looper.loop(Looper.java:319) 
                                                                                                    	at android.app.ActivityThread.main(ActivityThread.java:8919) 
                                                                                                    	at java.lang.reflect.Method.invoke(Native Method) 
                                                                                                    	at com.android.internal.os.RuntimeInit$MethodAndArgsCaller.run(RuntimeInit.java:578) 
                                                                                                    	at com.android.internal.os.ZygoteInit.main(ZygoteInit.java:1103) 
